Archive member included to satisfy reference by file (symbol)

/home/intrepid/src1210_PixHawk2/Firmware/build_px4fmu-v3_default/px4io-v2/NuttX/nuttx/nuttx-export/libs/libnuttx.a(sched-irq_attach.o)
                              CMakeFiles/px4io-v2.dir/__/__/drivers/stm32/drv_hrt.c.obj (irq_attach)
/home/intrepid/src1210_PixHawk2/Firmware/build_px4fmu-v3_default/px4io-v2/NuttX/nuttx/nuttx-export/libs/libnuttx.a(sched-irq_initialize.o)
                              /home/intrepid/src1210_PixHawk2/Firmware/build_px4fmu-v3_default/px4io-v2/NuttX/nuttx/nuttx-export/libs/libnuttx.a(sched-irq_attach.o) (g_irqvector)
/home/intrepid/src1210_PixHawk2/Firmware/build_px4fmu-v3_default/px4io-v2/NuttX/nuttx/nuttx-export/libs/libnuttx.a(sched-irq_unexpectedisr.o)
                              /home/intrepid/src1210_PixHawk2/Firmware/build_px4fmu-v3_default/px4io-v2/NuttX/nuttx/nuttx-export/libs/libnuttx.a(sched-irq_attach.o) (irq_unexpected_isr)
/home/intrepid/src1210_PixHawk2/Firmware/build_px4fmu-v3_default/px4io-v2/NuttX/nuttx/nuttx-export/libs/libnuttx.a(c-lib_abort.o)
                              (abort)
/home/intrepid/src1210_PixHawk2/Firmware/build_px4fmu-v3_default/px4io-v2/NuttX/nuttx/nuttx-export/libs/libnuttx.a(c-lib_cfsetspeed.o)
                              CMakeFiles/px4io-v2.dir/__/__/lib/rc/dsm.cpp.obj (cfsetspeed)
/home/intrepid/src1210_PixHawk2/Firmware/build_px4fmu-v3_default/px4io-v2/NuttX/nuttx/nuttx-export/libs/libnuttx.a(c-lib_crc32.o)
                              CMakeFiles/px4io-v2.dir/px4io.c.obj (crc32part)
/home/intrepid/src1210_PixHawk2/Firmware/build_px4fmu-v3_default/px4io-v2/NuttX/nuttx/nuttx-export/libs/libnuttx.a(c-lib_dprintf.o)
                              CMakeFiles/px4io-v2.dir/__/systemlib/perf_counter.c.obj (dprintf)
/home/intrepid/src1210_PixHawk2/Firmware/build_px4fmu-v3_default/px4io-v2/NuttX/nuttx/nuttx-export/libs/libnuttx.a(c-lib_memchr.o)
                              CMakeFiles/px4io-v2.dir/__/systemlib/mixer/mixer.cpp.obj (memchr)
/home/intrepid/src1210_PixHawk2/Firmware/build_px4fmu-v3_default/px4io-v2/NuttX/nuttx/nuttx-export/libs/libnuttx.a(c-lib_memcpy.o)
                              CMakeFiles/px4io-v2.dir/__/__/lib/rc/dsm.cpp.obj (memcpy)
/home/intrepid/src1210_PixHawk2/Firmware/build_px4fmu-v3_default/px4io-v2/NuttX/nuttx/nuttx-export/libs/libnuttx.a(c-lib_memmove.o)
                              CMakeFiles/px4io-v2.dir/mixer.cpp.obj (memmove)
/home/intrepid/src1210_PixHawk2/Firmware/build_px4fmu-v3_default/px4io-v2/NuttX/nuttx/nuttx-export/libs/libnuttx.a(c-lib_memset.o)
                              CMakeFiles/px4io-v2.dir/__/__/drivers/stm32/drv_hrt.c.obj (memset)
/home/intrepid/src1210_PixHawk2/Firmware/build_px4fmu-v3_default/px4io-v2/NuttX/nuttx/nuttx-export/libs/libnuttx.a(c-lib_printf.o)
                              CMakeFiles/px4io-v2.dir/__/__/lib/rc/sumd.cpp.obj (printf)
/home/intrepid/src1210_PixHawk2/Firmware/build_px4fmu-v3_default/px4io-v2/NuttX/nuttx/nuttx-export/libs/libnuttx.a(c-lib_snprintf.o)
                              CMakeFiles/px4io-v2.dir/__/systemlib/perf_counter.c.obj (snprintf)
/home/intrepid/src1210_PixHawk2/Firmware/build_px4fmu-v3_default/px4io-v2/NuttX/nuttx/nuttx-export/libs/libnuttx.a(c-lib_sscanf.o)
                              CMakeFiles/px4io-v2.dir/__/systemlib/mixer/mixer_helicopter.cpp.obj (sscanf)
/home/intrepid/src1210_PixHawk2/Firmware/build_px4fmu-v3_default/px4io-v2/NuttX/nuttx/nuttx-export/libs/libnuttx.a(c-lib_strchr.o)
                              /home/intrepid/src1210_PixHawk2/Firmware/build_px4fmu-v3_default/px4io-v2/NuttX/nuttx/nuttx-export/libs/libnuttx.a(c-lib_sscanf.o) (strchr)
/home/intrepid/src1210_PixHawk2/Firmware/build_px4fmu-v3_default/px4io-v2/NuttX/nuttx/nuttx-export/libs/libnuttx.a(c-lib_strcmp.o)
                              CMakeFiles/px4io-v2.dir/__/systemlib/mixer/mixer_multirotor.cpp.obj (strcmp)
/home/intrepid/src1210_PixHawk2/Firmware/build_px4fmu-v3_default/px4io-v2/NuttX/nuttx/nuttx-export/libs/libnuttx.a(c-lib_strcspn.o)
                              /home/intrepid/src1210_PixHawk2/Firmware/build_px4fmu-v3_default/px4io-v2/NuttX/nuttx/nuttx-export/libs/libnuttx.a(c-lib_sscanf.o) (strcspn)
/home/intrepid/src1210_PixHawk2/Firmware/build_px4fmu-v3_default/px4io-v2/NuttX/nuttx/nuttx-export/libs/libnuttx.a(c-lib_strncpy.o)
                              /home/intrepid/src1210_PixHawk2/Firmware/build_px4fmu-v3_default/px4io-v2/NuttX/nuttx/nuttx-export/libs/libnuttx.a(c-lib_sscanf.o) (strncpy)
/home/intrepid/src1210_PixHawk2/Firmware/build_px4fmu-v3_default/px4io-v2/NuttX/nuttx/nuttx-export/libs/libnuttx.a(c-lib_strtol.o)
                              /home/intrepid/src1210_PixHawk2/Firmware/build_px4fmu-v3_default/px4io-v2/NuttX/nuttx/nuttx-export/libs/libnuttx.a(c-lib_sscanf.o) (strtol)
/home/intrepid/src1210_PixHawk2/Firmware/build_px4fmu-v3_default/px4io-v2/NuttX/nuttx/nuttx-export/libs/libnuttx.a(c-lib_strtoul.o)
[...]
Memory Configuration

Name             Origin             Length             Attributes
flash            0x08001000         0x0000f000         xr
sram             0x20000000         0x00002000         xrw
*default*        0x00000000         0xffffffff

Linker script and memory map

LOAD CMakeFiles/px4io-v2.dir/__/__/drivers/boards/px4io-v2/px4io_init.c.obj
LOAD CMakeFiles/px4io-v2.dir/__/__/drivers/boards/px4io-v2/px4io_timer_config.c.obj
LOAD CMakeFiles/px4io-v2.dir/__/__/drivers/stm32/drv_hrt.c.obj
LOAD CMakeFiles/px4io-v2.dir/__/__/drivers/stm32/drv_io_timer.c.obj
LOAD CMakeFiles/px4io-v2.dir/__/__/drivers/stm32/drv_pwm_servo.c.obj
LOAD CMakeFiles/px4io-v2.dir/__/__/lib/rc/dsm.cpp.obj
LOAD CMakeFiles/px4io-v2.dir/__/__/lib/rc/sbus.cpp.obj
LOAD CMakeFiles/px4io-v2.dir/__/__/lib/rc/st24.cpp.obj
LOAD CMakeFiles/px4io-v2.dir/__/__/lib/rc/sumd.cpp.obj
LOAD CMakeFiles/px4io-v2.dir/__/__/lib/rc/common_rc.cpp.obj
LOAD CMakeFiles/px4io-v2.dir/__/systemlib/mixer/mixer.cpp.obj
LOAD CMakeFiles/px4io-v2.dir/__/systemlib/mixer/mixer_group.cpp.obj
LOAD CMakeFiles/px4io-v2.dir/__/systemlib/mixer/mixer_helicopter.cpp.obj
LOAD CMakeFiles/px4io-v2.dir/__/systemlib/mixer/mixer_multirotor.cpp.obj
LOAD CMakeFiles/px4io-v2.dir/__/systemlib/mixer/mixer_simple.cpp.obj
LOAD CMakeFiles/px4io-v2.dir/__/systemlib/perf_counter.c.obj
LOAD CMakeFiles/px4io-v2.dir/__/systemlib/pwm_limit/pwm_limit.c.obj
LOAD CMakeFiles/px4io-v2.dir/__/systemlib/up_cxxinitialize.c.obj
LOAD CMakeFiles/px4io-v2.dir/adc.c.obj
LOAD CMakeFiles/px4io-v2.dir/controls.c.obj
LOAD CMakeFiles/px4io-v2.dir/mixer.cpp.obj
LOAD CMakeFiles/px4io-v2.dir/px4io.c.obj
LOAD CMakeFiles/px4io-v2.dir/registers.c.obj
LOAD CMakeFiles/px4io-v2.dir/safety.c.obj
LOAD CMakeFiles/px4io-v2.dir/serial.c.obj
LOAD CMakeFiles/px4io-v2.dir/__/systemlib/hx_stream.c.obj
START GROUP
LOAD /home/intrepid/src1210_PixHawk2/Firmware/build_px4fmu-v3_default/px4io-v2/NuttX/nuttx/nuttx-export/libs/libapps.a
LOAD /home/intrepid/src1210_PixHawk2/Firmware/build_px4fmu-v3_default/px4io-v2/NuttX/nuttx/nuttx-export/libs/libnuttx.a
LOAD /home/intrepid/gcc-arm-none-eabi-5_4-2016q2/bin/../lib/gcc/arm-none-eabi/5.4.1/../../../../arm-none-eabi/lib/armv7-m/libnosys.a
LOAD /home/intrepid/gcc-arm-none-eabi-5_4-2016q2/bin/../lib/gcc/arm-none-eabi/5.4.1/../../../../arm-none-eabi/lib/armv7-m/libm.a
LOAD /home/intrepid/gcc-arm-none-eabi-5_4-2016q2/bin/../lib/gcc/arm-none-eabi/5.4.1/armv7-m/libgcc.a
END GROUP

.text           0x08001000     0xd8a4
                0x08001000                _stext = ABSOLUTE (.)
 *(.vectors)
 .vectors       0x08001000      0x134 /home/intrepid/src1210_PixHawk2/Firmware/build_px4fmu-v3_default/px4io-v2/NuttX/nuttx/nuttx-export/libs/libnuttx.a(arch-up_vectors.o)
                0x08001000                _vectors
 *(.text .text.*)
 .text.stm32_boardinitialize
                0x08001134      0x110 CMakeFiles/px4io-v2.dir/__/__/drivers/boards/px4io-v2/px4io_init.c.obj
                0x08001134                stm32_boardinitialize
 .text.hrt_absolute_time
                0x08001244       0x4c CMakeFiles/px4io-v2.dir/__/__/drivers/stm32/drv_hrt.c.obj
                0x08001244                hrt_absolute_time
 .text.hrt_call_reschedule
                0x08001290       0x58 CMakeFiles/px4io-v2.dir/__/__/drivers/stm32/drv_hrt.c.obj
 .text.hrt_call_enter
                0x080012e8       0x4c CMakeFiles/px4io-v2.dir/__/__/drivers/stm32/drv_hrt.c.obj
 .text.hrt_call_internal
                0x08001334       0x4c CMakeFiles/px4io-v2.dir/__/__/drivers/stm32/drv_hrt.c.obj
 .text.hrt_tim_isr
                0x08001380      0x1e8 CMakeFiles/px4io-v2.dir/__/__/drivers/stm32/drv_hrt.c.obj
 .text.hrt_elapsed_time
                0x08001568       0x24 CMakeFiles/px4io-v2.dir/__/__/drivers/stm32/drv_hrt.c.obj
                0x08001568                hrt_elapsed_time
 .text.hrt_init
                0x0800158c       0x84 CMakeFiles/px4io-v2.dir/__/__/drivers/stm32/drv_hrt.c.obj
                0x0800158c                hrt_init
 .text.hrt_call_every
                0x08001610       0x32 CMakeFiles/px4io-v2.dir/__/__/drivers/stm32/drv_hrt.c.obj
                0x08001610                hrt_call_every
 *fill*         0x08001642        0x2 
 .text.get_timer_channels
                0x08001644       0x48 CMakeFiles/px4io-v2.dir/__/__/drivers/stm32/drv_io_timer.c.obj
 .text.io_timer_handler0
                0x0800168c        0x4 CMakeFiles/px4io-v2.dir/__/__/drivers/stm32/drv_io_timer.c.obj
                0x0800168c                io_timer_handler0
 .text.io_timer_handler1
                0x08001690        0x4 CMakeFiles/px4io-v2.dir/__/__/drivers/stm32/drv_io_timer.c.obj
                0x08001690                io_timer_handler1
 .text.io_timer_handler2
                0x08001694        0x4 CMakeFiles/px4io-v2.dir/__/__/drivers/stm32/drv_io_timer.c.obj
                0x08001694                io_timer_handler2
 .text.io_timer_validate_channel_index
                0x08001698       0x3c CMakeFiles/px4io-v2.dir/__/__/drivers/stm32/drv_io_timer.c.obj
                0x08001698                io_timer_validate_channel_index
 .text.io_timer_is_channel_free
                0x080016d4       0x20 CMakeFiles/px4io-v2.dir/__/__/drivers/stm32/drv_io_timer.c.obj
                0x080016d4                io_timer_is_channel_free
 .text.io_timer_get_mode_channels
                0x080016f4       0x10 CMakeFiles/px4io-v2.dir/__/__/drivers/stm32/drv_io_timer.c.obj
                0x080016f4                io_timer_get_mode_channels
 .text.io_timer_get_channel_mode
                0x08001704       0x24 CMakeFiles/px4io-v2.dir/__/__/drivers/stm32/drv_io_timer.c.obj
                0x08001704                io_timer_get_channel_mode
 .text.io_timer_trigger
                0x08001728       0x74 CMakeFiles/px4io-v2.dir/__/__/drivers/stm32/drv_io_timer.c.obj
                0x08001728                io_timer_trigger
 .text.io_timer_init_timer
                0x0800179c       0xb0 CMakeFiles/px4io-v2.dir/__/__/drivers/stm32/drv_io_timer.c.obj
                0x0800179c                io_timer_init_timer
 .text.io_timer_set_rate
                0x0800184c       0xb4 CMakeFiles/px4io-v2.dir/__/__/drivers/stm32/drv_io_timer.c.obj
                0x0800184c                io_timer_set_rate
 .text.io_timer_channel_init
                0x08001900      0x108 CMakeFiles/px4io-v2.dir/__/__/drivers/stm32/drv_io_timer.c.obj
                0x08001900                io_timer_channel_init
 .text.io_timer_set_enable
                0x08001a08      0x1a4 CMakeFiles/px4io-v2.dir/__/__/drivers/stm32/drv_io_timer.c.obj
                0x08001a08                io_timer_set_enable
 .text.io_timer_free_channel
                0x08001bac       0x50 CMakeFiles/px4io-v2.dir/__/__/drivers/stm32/drv_io_timer.c.obj
                0x08001bac                io_timer_free_channel
 .text.io_timer_set_ccr
                0x08001bfc       0x44 CMakeFiles/px4io-v2.dir/__/__/drivers/stm32/drv_io_timer.c.obj
                0x08001bfc                io_timer_set_ccr
 .text.io_timer_get_group
                0x08001c40        0x4 CMakeFiles/px4io-v2.dir/__/__/drivers/stm32/drv_io_timer.c.obj
                0x08001c40                io_timer_get_group
 .text.up_pwm_servo_set
                0x08001c44        0x4 CMakeFiles/px4io-v2.dir/__/__/drivers/stm32/drv_pwm_servo.c.obj
                0x08001c44                up_pwm_servo_set
 .text.up_pwm_servo_init
                0x08001c48       0x74 CMakeFiles/px4io-v2.dir/__/__/drivers/stm32/drv_pwm_servo.c.obj
                0x08001c48                up_pwm_servo_init
 .text.up_pwm_servo_set_rate_group_update
                0x08001cbc       0x30 CMakeFiles/px4io-v2.dir/__/__/drivers/stm32/drv_pwm_servo.c.obj
                0x08001cbc                up_pwm_servo_set_rate_group_update
 .text.up_pwm_update
                0x08001cec        0x4 CMakeFiles/px4io-v2.dir/__/__/drivers/stm32/drv_pwm_servo.c.obj
                0x08001cec                up_pwm_update
 .text.up_pwm_servo_get_rate_group
                0x08001cf0       0x20 CMakeFiles/px4io-v2.dir/__/__/drivers/stm32/drv_pwm_servo.c.obj
                0x08001cf0                up_pwm_servo_get_rate_group
 .text.up_pwm_servo_arm
                0x08001d10       0x1a CMakeFiles/px4io-v2.dir/__/__/drivers/stm32/drv_pwm_servo.c.obj
                0x08001d10                up_pwm_servo_arm
 *fill*         0x08001d2a        0x2 
 .text._ZL16dsm_guess_formatb
                0x08001d2c       0xe4 CMakeFiles/px4io-v2.dir/__/__/lib/rc/dsm.cpp.obj
 .text.dsm_config
                0x08001e10       0x68 CMakeFiles/px4io-v2.dir/__/__/lib/rc/dsm.cpp.obj
                0x08001e10                dsm_config
 .text.dsm_proto_init
                0x08001e78       0x38 CMakeFiles/px4io-v2.dir/__/__/lib/rc/dsm.cpp.obj
                0x08001e78                dsm_proto_init
 .text.dsm_init
                0x08001eb0       0x30 CMakeFiles/px4io-v2.dir/__/__/lib/rc/dsm.cpp.obj
                0x08001eb0                dsm_init
 .text.dsm_bind
                0x08001ee0       0x80 CMakeFiles/px4io-v2.dir/__/__/lib/rc/dsm.cpp.obj
                0x08001ee0                dsm_bind
 .text.dsm_parse
                0x08001f60      0x21c CMakeFiles/px4io-v2.dir/__/__/lib/rc/dsm.cpp.obj
                0x08001f60                dsm_parse
 .text.dsm_input
                0x0800217c       0x5c CMakeFiles/px4io-v2.dir/__/__/lib/rc/dsm.cpp.obj
                0x0800217c                dsm_input
 .text.sbus_config
                0x080021d8       0x64 CMakeFiles/px4io-v2.dir/__/__/lib/rc/sbus.cpp.obj
                0x080021d8                sbus_config
 .text.sbus_init
                0x0800223c       0x1e CMakeFiles/px4io-v2.dir/__/__/lib/rc/sbus.cpp.obj
                0x0800223c                sbus_init
 *fill*         0x0800225a        0x2 
 .text.sbus1_output
                0x0800225c       0xfc CMakeFiles/px4io-v2.dir/__/__/lib/rc/sbus.cpp.obj
                0x0800225c                sbus1_output
 .text.sbus2_output
                0x08002358        0x4 CMakeFiles/px4io-v2.dir/__/__/lib/rc/sbus.cpp.obj
                0x08002358                sbus2_output
 .text.sbus_parse
                0x0800235c      0x2c0 CMakeFiles/px4io-v2.dir/__/__/lib/rc/sbus.cpp.obj
                0x0800235c                sbus_parse
 .text.sbus_input
                0x0800261c       0x50 CMakeFiles/px4io-v2.dir/__/__/lib/rc/sbus.cpp.obj
                0x0800261c                sbus_input
 .text.sbus1_set_output_rate_hz
                0x0800266c       0x28 CMakeFiles/px4io-v2.dir/__/__/lib/rc/sbus.cpp.obj
                0x0800266c                sbus1_set_output_rate_hz
 .text.st24_common_crc8
                0x08002694       0x3a CMakeFiles/px4io-v2.dir/__/__/lib/rc/st24.cpp.obj
                0x08002694                st24_common_crc8
 *fill*         0x080026ce        0x2 
 .text.st24_decode
                0x080026d0      0x21c CMakeFiles/px4io-v2.dir/__/__/lib/rc/st24.cpp.obj
                0x080026d0                st24_decode
 .text.sumd_crc16
                0x080028ec       0x20 CMakeFiles/px4io-v2.dir/__/__/lib/rc/sumd.cpp.obj
                0x080028ec                sumd_crc16
 .text.sumd_decode
                0x0800290c      0x390 CMakeFiles/px4io-v2.dir/__/__/lib/rc/sumd.cpp.obj
                0x0800290c                sumd_decode
 .text._ZN5Mixer22set_max_delta_out_onceEf
                0x08002c9c        0x2 CMakeFiles/px4io-v2.dir/__/systemlib/mixer/mixer.cpp.obj
                0x08002c9c                Mixer::set_max_delta_out_once(float)
 .text._ZN5Mixer17set_thrust_factorEf
                0x08002c9e        0x2 CMakeFiles/px4io-v2.dir/__/systemlib/mixer/mixer.cpp.obj
                0x08002c9e                Mixer::set_thrust_factor(float)
 .text._ZN9NullMixerD2Ev
                0x08002ca0        0x2 CMakeFiles/px4io-v2.dir/__/systemlib/mixer/mixer.cpp.obj
                0x08002ca0                NullMixer::~NullMixer()
                0x08002ca0                NullMixer::~NullMixer()
 .text._ZN9NullMixer10set_offsetEf
                0x08002ca2        0x2 CMakeFiles/px4io-v2.dir/__/systemlib/mixer/mixer.cpp.obj
                0x08002ca2                NullMixer::set_offset(float)
 .text._ZN9NullMixer8set_trimEf
                0x08002ca4        0x4 CMakeFiles/px4io-v2.dir/__/systemlib/mixer/mixer.cpp.obj
                0x08002ca4                NullMixer::set_trim(float)
 .text._ZN9NullMixer3mixEPfjPt
                0x08002ca8        0xe CMakeFiles/px4io-v2.dir/__/systemlib/mixer/mixer.cpp.obj
                0x08002ca8                NullMixer::mix(float*, unsigned int, unsigned short*)
 .text._ZN9NullMixer21get_saturation_statusEv
                0x08002cb6        0x4 CMakeFiles/px4io-v2.dir/__/systemlib/mixer/mixer.cpp.obj
                0x08002cb6                NullMixer::get_saturation_status()
 .text._ZN9NullMixer15groups_requiredERj
                0x08002cba        0x2 CMakeFiles/px4io-v2.dir/__/systemlib/mixer/mixer.cpp.obj
                0x08002cba                NullMixer::groups_required(unsigned int&)
 .text._ZN9NullMixerD0Ev
                0x08002cbc        0xc CMakeFiles/px4io-v2.dir/__/systemlib/mixer/mixer.cpp.obj
                0x08002cbc                NullMixer::~NullMixer()
 .text._ZN5MixerC2EPFijhhRfEj
                0x08002cc8       0x14 CMakeFiles/px4io-v2.dir/__/systemlib/mixer/mixer.cpp.obj
                0x08002cc8                Mixer::Mixer(int (*)(unsigned int, unsigned char, unsigned char, float&), unsigned int)
                0x08002cc8                Mixer::Mixer(int (*)(unsigned int, unsigned char, unsigned char, float&), unsigned int)
 .text._ZN5Mixer11get_controlEhh
                0x08002cdc       0x10 CMakeFiles/px4io-v2.dir/__/systemlib/mixer/mixer.cpp.obj
                0x08002cdc                Mixer::get_control(unsigned char, unsigned char)
 .text._ZN5Mixer5scaleERK14mixer_scaler_sf
                0x08002cec       0x44 CMakeFiles/px4io-v2.dir/__/systemlib/mixer/mixer.cpp.obj
                0x08002cec                Mixer::scale(mixer_scaler_s const&, float)
 .text._ZN5Mixer7findtagEPKcRjc
                0x08002d30       0x26 CMakeFiles/px4io-v2.dir/__/systemlib/mixer/mixer.cpp.obj
                0x08002d30                Mixer::findtag(char const*, unsigned int&, char)
 .text._ZN5Mixer8skiplineEPKcRj
                0x08002d56       0x2a CMakeFiles/px4io-v2.dir/__/systemlib/mixer/mixer.cpp.obj
                0x08002d56                Mixer::skipline(char const*, unsigned int&)
 .text._ZN5Mixer18string_well_formedEPKcRj
                0x08002d80       0x20 CMakeFiles/px4io-v2.dir/__/systemlib/mixer/mixer.cpp.obj
                0x08002d80                Mixer::string_well_formed(char const*, unsigned int&)
 .text._ZN9NullMixerC2Ev
                0x08002da0       0x14 CMakeFiles/px4io-v2.dir/__/systemlib/mixer/mixer.cpp.obj
                0x08002da0                NullMixer::NullMixer()
                0x08002da0                NullMixer::NullMixer()
 .text._ZN9NullMixer9from_textEPKcRj
                0x08002db4       0x3a CMakeFiles/px4io-v2.dir/__/systemlib/mixer/mixer.cpp.obj
                0x08002db4                NullMixer::from_text(char const*, unsigned int&)
 .text._ZN10MixerGroup8set_trimEf
                0x08002dee        0x4 CMakeFiles/px4io-v2.dir/__/systemlib/mixer/mixer_group.cpp.obj
                0x08002dee                MixerGroup::set_trim(float)
 .text._ZN10MixerGroup3mixEPfjPt
                0x08002df2       0x30 CMakeFiles/px4io-v2.dir/__/systemlib/mixer/mixer_group.cpp.obj
                0x08002df2                MixerGroup::mix(float*, unsigned int, unsigned short*)
 .text._ZN10MixerGroup17set_thrust_factorEf
                0x08002e22       0x18 CMakeFiles/px4io-v2.dir/__/systemlib/mixer/mixer_group.cpp.obj
                0x08002e22                MixerGroup::set_thrust_factor(float)
 .text._ZN10MixerGroup21get_saturation_statusEv
                0x08002e3a       0x1c CMakeFiles/px4io-v2.dir/__/systemlib/mixer/mixer_group.cpp.obj
                0x08002e3a                MixerGroup::get_saturation_status()
 .text._ZN10MixerGroup15groups_requiredERj
                0x08002e56       0x18 CMakeFiles/px4io-v2.dir/__/systemlib/mixer/mixer_group.cpp.obj
                0x08002e56                MixerGroup::groups_required(unsigned int&)
 .text._ZN10MixerGroup22set_max_delta_out_onceEf
                0x08002e6e       0x18 CMakeFiles/px4io-v2.dir/__/systemlib/mixer/mixer_group.cpp.obj
                0x08002e6e                MixerGroup::set_max_delta_out_once(float)
 *fill*         0x08002e86        0x2 
 .text._ZN10MixerGroupC2EPFijhhRfEj
                0x08002e88       0x18 CMakeFiles/px4io-v2.dir/__/systemlib/mixer/mixer_group.cpp.obj
                0x08002e88                MixerGroup::MixerGroup(int (*)(unsigned int, unsigned char, unsigned char, float&), unsigned int)
                0x08002e88                MixerGroup::MixerGroup(int (*)(unsigned int, unsigned char, unsigned char, float&), unsigned int)
 .text._ZN10MixerGroup9add_mixerEP5Mixer
                0x08002ea0       0x14 CMakeFiles/px4io-v2.dir/__/systemlib/mixer/mixer_group.cpp.obj
                0x08002ea0                MixerGroup::add_mixer(Mixer*)
 .text._ZN10MixerGroup5resetEv
                0x08002eb4       0x1a CMakeFiles/px4io-v2.dir/__/systemlib/mixer/mixer_group.cpp.obj
                0x08002eb4                MixerGroup::reset()
 *fill*         0x08002ece        0x2 
 .text._ZN10MixerGroupD2Ev
                0x08002ed0       0x14 CMakeFiles/px4io-v2.dir/__/systemlib/mixer/mixer_group.cpp.obj
                0x08002ed0                MixerGroup::~MixerGroup()
                0x08002ed0                MixerGroup::~MixerGroup()
 .text._ZN10MixerGroupD0Ev
                0x08002ee4       0x12 CMakeFiles/px4io-v2.dir/__/systemlib/mixer/mixer_group.cpp.obj
                0x08002ee4                MixerGroup::~MixerGroup()
 *fill*         0x08002ef6        0x2 
 .text._ZN10MixerGroup9set_trimsEPsj
                0x08002ef8       0x5c CMakeFiles/px4io-v2.dir/__/systemlib/mixer/mixer_group.cpp.obj
                0x08002ef8                MixerGroup::set_trims(short*, unsigned int)
 .text._ZN10MixerGroup13load_from_bufEPKcRj
                0x08002f54       0x80 CMakeFiles/px4io-v2.dir/__/systemlib/mixer/mixer_group.cpp.obj
                0x08002f54                MixerGroup::load_from_buf(char const*, unsigned int&)
 .text._ZN15HelicopterMixer21get_saturation_statusEv
                0x08002fd4        0x4 CMakeFiles/px4io-v2.dir/__/systemlib/mixer/mixer_helicopter.cpp.obj
                0x08002fd4                HelicopterMixer::get_saturation_status()
 .text._ZN15HelicopterMixer8set_trimEf
                0x08002fd8        0x4 CMakeFiles/px4io-v2.dir/__/systemlib/mixer/mixer_helicopter.cpp.obj
                0x08002fd8                HelicopterMixer::set_trim(float)
 .text._ZN15HelicopterMixerD2Ev
                0x08002fdc        0x2 CMakeFiles/px4io-v2.dir/__/systemlib/mixer/mixer_helicopter.cpp.obj
                0x08002fdc                HelicopterMixer::~HelicopterMixer()
                0x08002fdc                HelicopterMixer::~HelicopterMixer()
 .text._ZN15HelicopterMixer15groups_requiredERj
                0x08002fde        0xa CMakeFiles/px4io-v2.dir/__/systemlib/mixer/mixer_helicopter.cpp.obj
                0x08002fde                HelicopterMixer::groups_required(unsigned int&)
 .text._ZN15HelicopterMixerD0Ev
                0x08002fe8        0xc CMakeFiles/px4io-v2.dir/__/systemlib/mixer/mixer_helicopter.cpp.obj
                0x08002fe8                HelicopterMixer::~HelicopterMixer()
 .text._ZN15HelicopterMixer3mixEPfjPt
                0x08002ff4      0x1b6 CMakeFiles/px4io-v2.dir/__/systemlib/mixer/mixer_helicopter.cpp.obj
                0x08002ff4                HelicopterMixer::mix(float*, unsigned int, unsigned short*)
 *fill*         0x080031aa        0x2 
 .text._ZN15HelicopterMixerC2EPFijhhRfEjP12mixer_heli_s
                0x080031ac       0x24 CMakeFiles/px4io-v2.dir/__/systemlib/mixer/mixer_helicopter.cpp.obj
                0x080031ac                HelicopterMixer::HelicopterMixer(int (*)(unsigned int, unsigned char, unsigned char, float&), unsigned int, mixer_heli_s*)
                0x080031ac                HelicopterMixer::HelicopterMixer(int (*)(unsigned int, unsigned char, unsigned char, float&), unsigned int, mixer_heli_s*)
 .text._ZN15HelicopterMixer9from_textEPFijhhRfEjPKcRj
                0x080031d0      0x20c CMakeFiles/px4io-v2.dir/__/systemlib/mixer/mixer_helicopter.cpp.obj
                0x080031d0                HelicopterMixer::from_text(int (*)(unsigned int, unsigned char, unsigned char, float&), unsigned int, char const*, unsigned int&)
 .text._ZN15MultirotorMixer22set_max_delta_out_onceEf
                0x080033dc        0x4 CMakeFiles/px4io-v2.dir/__/systemlib/mixer/mixer_multirotor.cpp.obj
                0x080033dc                MultirotorMixer::set_max_delta_out_once(float)
 .text._ZN15MultirotorMixer8set_trimEf
                0x080033e0        0x4 CMakeFiles/px4io-v2.dir/__/systemlib/mixer/mixer_multirotor.cpp.obj
                0x080033e0                MultirotorMixer::set_trim(float)
 .text._ZN15MultirotorMixer17set_thrust_factorEf
                0x080033e4        0x4 CMakeFiles/px4io-v2.dir/__/systemlib/mixer/mixer_multirotor.cpp.obj
                0x080033e4                MultirotorMixer::set_thrust_factor(float)
 .text._ZN15MultirotorMixer15groups_requiredERj
                0x080033e8        0xa CMakeFiles/px4io-v2.dir/__/systemlib/mixer/mixer_multirotor.cpp.obj
                0x080033e8                MultirotorMixer::groups_required(unsigned int&)
 .text._ZN15MultirotorMixer21get_saturation_statusEv
                0x080033f2        0x6 CMakeFiles/px4io-v2.dir/__/systemlib/mixer/mixer_multirotor.cpp.obj
                0x080033f2                MultirotorMixer::get_saturation_status()
 .text._ZN15MultirotorMixerD2Ev
                0x080033f8       0x18 CMakeFiles/px4io-v2.dir/__/systemlib/mixer/mixer_multirotor.cpp.obj
                0x080033f8                MultirotorMixer::~MultirotorMixer()
                0x080033f8                MultirotorMixer::~MultirotorMixer()
 .text._ZN15MultirotorMixerD0Ev
                0x08003410       0x12 CMakeFiles/px4io-v2.dir/__/systemlib/mixer/mixer_multirotor.cpp.obj
                0x08003410                MultirotorMixer::~MultirotorMixer()
 *fill*         0x08003422        0x2 
 .text._ZN15MultirotorMixerC2EPFijhhRfEj18MultirotorGeometryffff
                0x08003424       0x80 CMakeFiles/px4io-v2.dir/__/systemlib/mixer/mixer_multirotor.cpp.obj
                0x08003424                MultirotorMixer::MultirotorMixer(int (*)(unsigned int, unsigned char, unsigned char, float&), unsigned int, MultirotorGeometry, float, float, float, float)
                0x08003424                MultirotorMixer::MultirotorMixer(int (*)(unsigned int, unsigned char, unsigned char, float&), unsigned int, MultirotorGeometry, float, float, float, float)
 .text._ZN15MultirotorMixer9from_textEPFijhhRfEjPKcRj
                0x080034a4      0x208 CMakeFiles/px4io-v2.dir/__/systemlib/mixer/mixer_multirotor.cpp.obj
                0x080034a4                MultirotorMixer::from_text(int (*)(unsigned int, unsigned char, unsigned char, float&), unsigned int, char const*, unsigned int&)
 .text._ZN15MultirotorMixer24update_saturation_statusEjbb
                0x080036ac      0x146 CMakeFiles/px4io-v2.dir/__/systemlib/mixer/mixer_multirotor.cpp.obj
                0x080036ac                MultirotorMixer::update_saturation_status(unsigned int, bool, bool)
 *fill*         0x080037f2        0x2 
 .text._ZN15MultirotorMixer3mixEPfjPt
                0x080037f4      0x768 CMakeFiles/px4io-v2.dir/__/systemlib/mixer/mixer_multirotor.cpp.obj
                0x080037f4                MultirotorMixer::mix(float*, unsigned int, unsigned short*)
 .text._ZN11SimpleMixer8set_trimEf
                0x08003f5c        0x8 CMakeFiles/px4io-v2.dir/__/systemlib/mixer/mixer_simple.cpp.obj
                0x08003f5c                SimpleMixer::set_trim(float)
 .text._ZN11SimpleMixer21get_saturation_statusEv
                0x08003f64        0x4 CMakeFiles/px4io-v2.dir/__/systemlib/mixer/mixer_simple.cpp.obj
                0x08003f64                SimpleMixer::get_saturation_status()
 .text._ZN11SimpleMixer15groups_requiredERj
                0x08003f68       0x26 CMakeFiles/px4io-v2.dir/__/systemlib/mixer/mixer_simple.cpp.obj
                0x08003f68                SimpleMixer::groups_required(unsigned int&)
 *fill*         0x08003f8e        0x2 
 .text._ZN11SimpleMixerD2Ev
                0x08003f90       0x18 CMakeFiles/px4io-v2.dir/__/systemlib/mixer/mixer_simple.cpp.obj
                0x08003f90                SimpleMixer::~SimpleMixer()
                0x08003f90                SimpleMixer::~SimpleMixer()
 .text._ZN11SimpleMixerD0Ev
                0x08003fa8       0x12 CMakeFiles/px4io-v2.dir/__/systemlib/mixer/mixer_simple.cpp.obj
                0x08003fa8                SimpleMixer::~SimpleMixer()
 .text._ZN11SimpleMixer3mixEPfjPt
                0x08003fba       0x62 CMakeFiles/px4io-v2.dir/__/systemlib/mixer/mixer_simple.cpp.obj
                0x08003fba                SimpleMixer::mix(float*, unsigned int, unsigned short*)
 .text._ZN11SimpleMixer19parse_output_scalerEPKcRjR14mixer_scaler_s
                0x0800401c       0xa4 CMakeFiles/px4io-v2.dir/__/systemlib/mixer/mixer_simple.cpp.obj
                0x0800401c                SimpleMixer::parse_output_scaler(char const*, unsigned int&, mixer_scaler_s&)
 .text._ZN11SimpleMixer20parse_control_scalerEPKcRjR14mixer_scaler_sRhS5_
                0x080040c0       0xac CMakeFiles/px4io-v2.dir/__/systemlib/mixer/mixer_simple.cpp.obj
                0x080040c0                SimpleMixer::parse_control_scaler(char const*, unsigned int&, mixer_scaler_s&, unsigned char&, unsigned char&)
 .text._ZN11SimpleMixer9from_textEPFijhhRfEjPKcRj
                0x0800416c       0xc4 CMakeFiles/px4io-v2.dir/__/systemlib/mixer/mixer_simple.cpp.obj
                0x0800416c                SimpleMixer::from_text(int (*)(unsigned int, unsigned char, unsigned char, float&), unsigned int, char const*, unsigned int&)
 .text.perf_count
                0x08004230       0xe0 CMakeFiles/px4io-v2.dir/__/systemlib/perf_counter.c.obj
                0x08004230                perf_count
 .text.perf_begin
                0x08004310       0x16 CMakeFiles/px4io-v2.dir/__/systemlib/perf_counter.c.obj
                0x08004310                perf_begin
 *fill*         0x08004326        0x2 
 .text.perf_end
                0x08004328       0xb4 CMakeFiles/px4io-v2.dir/__/systemlib/perf_counter.c.obj
                0x08004328                perf_end
 .text.pwm_limit_init
                0x080043dc        0xe CMakeFiles/px4io-v2.dir/__/systemlib/pwm_limit/pwm_limit.c.obj
                0x080043dc                pwm_limit_init
 *fill*         0x080043ea        0x2 
 .text.pwm_limit_calc
                0x080043ec      0x218 CMakeFiles/px4io-v2.dir/__/systemlib/pwm_limit/pwm_limit.c.obj
                0x080043ec                pwm_limit_calc
 .text.up_cxxinitialize
                0x08004604       0x30 CMakeFiles/px4io-v2.dir/__/systemlib/up_cxxinitialize.c.obj
                0x08004604                up_cxxinitialize
 .text.adc_init
                0x08004634       0x88 CMakeFiles/px4io-v2.dir/adc.c.obj
                0x08004634                adc_init
 .text.adc_measure
                0x080046bc       0x78 CMakeFiles/px4io-v2.dir/adc.c.obj
                0x080046bc                adc_measure
 .text.controls_init
                0x08004734       0x90 CMakeFiles/px4io-v2.dir/controls.c.obj
                0x08004734                controls_init
 .text.controls_tick
                0x080047c4      0x80c CMakeFiles/px4io-v2.dir/controls.c.obj
                0x080047c4                controls_tick
 .text._ZL14mixer_callbackjhhRf
                0x08004fd0      0x1b0 CMakeFiles/px4io-v2.dir/mixer.cpp.obj
 .text.mixer_handle_text
                0x08005180      0x160 CMakeFiles/px4io-v2.dir/mixer.cpp.obj
                0x08005180                mixer_handle_text
 .text.startup._GLOBAL__sub_I_mixer_tick
                0x080052e0       0x2c CMakeFiles/px4io-v2.dir/mixer.cpp.obj
 .text._ZL20mixer_mix_threadsafePfPVt.constprop.2
                0x0800530c       0x44 CMakeFiles/px4io-v2.dir/mixer.cpp.obj
 .text.mixer_set_failsafe
                0x08005350      0x104 CMakeFiles/px4io-v2.dir/mixer.cpp.obj
                0x08005350                mixer_set_failsafe
 .text.mixer_tick
                0x08005454      0x660 CMakeFiles/px4io-v2.dir/mixer.cpp.obj
                0x08005454                mixer_tick
 .text.isr_debug
                0x08005ab4       0x4c CMakeFiles/px4io-v2.dir/px4io.c.obj
                0x08005ab4                isr_debug
 .text.schedule_reboot
                0x08005b00       0x1c CMakeFiles/px4io-v2.dir/px4io.c.obj
                0x08005b00                schedule_reboot
 .text.user_start
                0x08005b1c      0x414 CMakeFiles/px4io-v2.dir/px4io.c.obj
                0x08005b1c                user_start
 .text.pwm_configure_rates
                0x08005f30       0x7c CMakeFiles/px4io-v2.dir/registers.c.obj
 .text.registers_set
                0x08005fac      0x54c CMakeFiles/px4io-v2.dir/registers.c.obj
                0x08005fac                registers_set
 .text.registers_get
                0x080064f8      0x1a0 CMakeFiles/px4io-v2.dir/registers.c.obj
                0x080064f8                registers_get
 .text.safety_check_button
                0x08006698      0x110 CMakeFiles/px4io-v2.dir/safety.c.obj
 .text.failsafe_blink
                0x080067a8       0x38 CMakeFiles/px4io-v2.dir/safety.c.obj
 .text.safety_init
                0x080067e0       0x30 CMakeFiles/px4io-v2.dir/safety.c.obj
                0x080067e0                safety_init
 .text.failsafe_led_init
                0x08006810       0x30 CMakeFiles/px4io-v2.dir/safety.c.obj
                0x08006810                failsafe_led_init
 .text.dma_reset
                0x08006840       0x6c CMakeFiles/px4io-v2.dir/serial.c.obj
 .text.rx_dma_callback
                0x080068ac      0x158 CMakeFiles/px4io-v2.dir/serial.c.obj
 .text.serial_interrupt
                0x08006a04       0xd0 CMakeFiles/px4io-v2.dir/serial.c.obj
 .text.interface_init
                0x08006ad4       0xcc CMakeFiles/px4io-v2.dir/serial.c.obj
                0x08006ad4                interface_init
 .text.irq_attach
                0x08006ba0       0x38 /home/intrepid/src1210_PixHawk2/Firmware/build_px4fmu-v3_default/px4io-v2/NuttX/nuttx/nuttx-export/libs/libnuttx.a(sched-irq_attach.o)
                0x08006ba0                irq_attach
 .text.irq_initialize
                0x08006bd8       0x1c /home/intrepid/src1210_PixHawk2/Firmware/build_px4fmu-v3_default/px4io-v2/NuttX/nuttx/nuttx-export/libs/libnuttx.a(sched-irq_initialize.o)
                0x08006bd8                irq_initialize
 .text.irq_unexpected_isr
                0x08006bf4       0x18 /home/intrepid/src1210_PixHawk2/Firmware/build_px4fmu-v3_default/px4io-v2/NuttX/nuttx/nuttx-export/libs/libnuttx.a(sched-irq_unexpectedisr.o)
                0x08006bf4                irq_unexpected_isr
 .text.abort    0x08006c0c        0x8 /home/intrepid/src1210_PixHawk2/Firmware/build_px4fmu-v3_default/px4io-v2/NuttX/nuttx/nuttx-export/libs/libnuttx.a(c-lib_abort.o)
                0x08006c0c                abort
 .text.cfsetspeed
                0x08006c14        0x6 /home/intrepid/src1210_PixHawk2/Firmware/build_px4fmu-v3_default/px4io-v2/NuttX/nuttx/nuttx-export/libs/libnuttx.a(c-lib_cfsetspeed.o)
                0x08006c14                cfsetspeed
 *fill*         0x08006c1a        0x2 
 .text.crc32part
                0x08006c1c       0x24 /home/intrepid/src1210_PixHawk2/Firmware/build_px4fmu-v3_default/px4io-v2/NuttX/nuttx/nuttx-export/libs/libnuttx.a(c-lib_crc32.o)
                0x08006c1c                crc32part
 .text.memchr   0x08006c40       0x1c /home/intrepid/src1210_PixHawk2/Firmware/build_px4fmu-v3_default/px4io-v2/NuttX/nuttx/nuttx-export/libs/libnuttx.a(c-lib_memchr.o)
                0x08006c40                memchr
 .text.memcpy   0x08006c5c       0x16 /home/intrepid/src1210_PixHawk2/Firmware/build_px4fmu-v3_default/px4io-v2/NuttX/nuttx/nuttx-export/libs/libnuttx.a(c-lib_memcpy.o)
                0x08006c5c                memcpy
 .text.memmove  0x08006c72       0x30 /home/intrepid/src1210_PixHawk2/Firmware/build_px4fmu-v3_default/px4io-v2/NuttX/nuttx/nuttx-export/libs/libnuttx.a(c-lib_memmove.o)
                0x08006c72                memmove
 .text.memset   0x08006ca2       0x10 /home/intrepid/src1210_PixHawk2/Firmware/build_px4fmu-v3_default/px4io-v2/NuttX/nuttx/nuttx-export/libs/libnuttx.a(c-lib_memset.o)
                0x08006ca2                memset
 .text.printf   0x08006cb2       0x1c /home/intrepid/src1210_PixHawk2/Firmware/build_px4fmu-v3_default/px4io-v2/NuttX/nuttx/nuttx-export/libs/libnuttx.a(c-lib_printf.o)
                0x08006cb2                printf
 .text.isspace  0x08006cce       0x14 /home/intrepid/src1210_PixHawk2/Firmware/build_px4fmu-v3_default/px4io-v2/NuttX/nuttx/nuttx-export/libs/libnuttx.a(c-lib_sscanf.o)
 *fill*         0x08006ce2        0x2 
 .text.findwidth
                0x08006ce4       0x34 /home/intrepid/src1210_PixHawk2/Firmware/build_px4fmu-v3_default/px4io-v2/NuttX/nuttx/nuttx-export/libs/libnuttx.a(c-lib_sscanf.o)
 .text.vsscanf  0x08006d18      0x2e0 /home/intrepid/src1210_PixHawk2/Firmware/build_px4fmu-v3_default/px4io-v2/NuttX/nuttx/nuttx-export/libs/libnuttx.a(c-lib_sscanf.o)
                0x08006d18                vsscanf
 .text.sscanf   0x08006ff8       0x1a /home/intrepid/src1210_PixHawk2/Firmware/build_px4fmu-v3_default/px4io-v2/NuttX/nuttx/nuttx-export/libs/libnuttx.a(c-lib_sscanf.o)
                0x08006ff8                sscanf
 .text.strchr   0x08007012       0x16 /home/intrepid/src1210_PixHawk2/Firmware/build_px4fmu-v3_default/px4io-v2/NuttX/nuttx/nuttx-export/libs/libnuttx.a(c-lib_strchr.o)
                0x08007012                strchr
 .text.strcmp   0x08007028       0x16 /home/intrepid/src1210_PixHawk2/Firmware/build_px4fmu-v3_default/px4io-v2/NuttX/nuttx/nuttx-export/libs/libnuttx.a(c-lib_strcmp.o)
                0x08007028                strcmp
 .text.strcspn  0x0800703e       0x1e /home/intrepid/src1210_PixHawk2/Firmware/build_px4fmu-v3_default/px4io-v2/NuttX/nuttx/nuttx-export/libs/libnuttx.a(c-lib_strcspn.o)
                0x0800703e                strcspn
 .text.strncpy  0x0800705c       0x22 /home/intrepid/src1210_PixHawk2/Firmware/build_px4fmu-v3_default/px4io-v2/NuttX/nuttx/nuttx-export/libs/libnuttx.a(c-lib_strncpy.o)
                0x0800705c                strncpy
 .text.strtol   0x0800707e       0x64 /home/intrepid/src1210_PixHawk2/Firmware/build_px4fmu-v3_default/px4io-v2/NuttX/nuttx/nuttx-export/libs/libnuttx.a(c-lib_strtol.o)
                0x0800707e                strtol
 .text.strtoul  0x080070e2       0x66 /home/intrepid/src1210_PixHawk2/Firmware/build_px4fmu-v3_default/px4io-v2/NuttX/nuttx/nuttx-export/libs/libnuttx.a(c-lib_strtoul.o)
                0x080070e2                strtoul
 .text.vsyslog  0x08007148       0x24 /home/intrepid/src1210_PixHawk2/Firmware/build_px4fmu-v3_default/px4io-v2/NuttX/nuttx/nuttx-export/libs/libnuttx.a(c-lib_syslog.o)
                0x08007148                vsyslog
 .text.syslog   0x0800716c       0x1a /home/intrepid/src1210_PixHawk2/Firmware/build_px4fmu-v3_default/px4io-v2/NuttX/nuttx/nuttx-export/libs/libnuttx.a(c-lib_syslog.o)
                0x0800716c                syslog
 .text.tcgetattr
                0x08007186        0xa /home/intrepid/src1210_PixHawk2/Firmware/build_px4fmu-v3_default/px4io-v2/NuttX/nuttx/nuttx-export/libs/libnuttx.a(c-lib_tcgetattr.o)
                0x08007186                tcgetattr
 .text.tcsetattr
                0x08007190       0x10 /home/intrepid/src1210_PixHawk2/Firmware/build_px4fmu-v3_default/px4io-v2/NuttX/nuttx/nuttx-export/libs/libnuttx.a(c-lib_tcsetattr.o)
                0x08007190                tcsetattr
 .text.vsnprintf
                0x080071a0       0x20 /home/intrepid/src1210_PixHawk2/Firmware/build_px4fmu-v3_default/px4io-v2/NuttX/nuttx/nuttx-export/libs/libnuttx.a(c-lib_vsnprintf.o)
                0x080071a0                vsnprintf
 .text.sq_addafter
                0x080071c0       0x1c /home/intrepid/src1210_PixHawk2/Firmware/build_px4fmu-v3_default/px4io-v2/NuttX/nuttx/nuttx-export/libs/libnuttx.a(c-sq_addafter.o)
                0x080071c0                sq_addafter
 .text.sq_addfirst
                0x080071dc        0xe /home/intrepid/src1210_PixHawk2/Firmware/build_px4fmu-v3_default/px4io-v2/NuttX/nuttx/nuttx-export/libs/libnuttx.a(c-sq_addfirst.o)
                0x080071dc                sq_addfirst
 .text.sq_addlast
                0x080071ea       0x14 /home/intrepid/src1210_PixHawk2/Firmware/build_px4fmu-v3_default/px4io-v2/NuttX/nuttx/nuttx-export/libs/libnuttx.a(c-sq_addlast.o)
                0x080071ea                sq_addlast
 .text.sq_rem   0x080071fe       0x2c /home/intrepid/src1210_PixHawk2/Firmware/build_px4fmu-v3_default/px4io-v2/NuttX/nuttx/nuttx-export/libs/libnuttx.a(c-sq_rem.o)
                0x080071fe                sq_rem
 *fill*         0x0800722a        0x2 
 .text.free     0x0800722c        0xc /home/intrepid/src1210_PixHawk2/Firmware/build_px4fmu-v3_default/px4io-v2/NuttX/nuttx/nuttx-export/libs/libnuttx.a(mm-umm_free.o)
                0x0800722c                free
 .text.mallinfo
                0x08007238       0x24 /home/intrepid/src1210_PixHawk2/Firmware/build_px4fmu-v3_default/px4io-v2/NuttX/nuttx/nuttx-export/libs/libnuttx.a(mm-umm_mallinfo.o)
                0x08007238                mallinfo
 .text.malloc   0x0800725c        0xc /home/intrepid/src1210_PixHawk2/Firmware/build_px4fmu-v3_default/px4io-v2/NuttX/nuttx/nuttx-export/libs/libnuttx.a(mm-umm_malloc.o)
                0x0800725c                malloc
 .text.stm32_dmachandisable
                0x08007268       0x22 /home/intrepid/src1210_PixHawk2/Firmware/build_px4fmu-v3_default/px4io-v2/NuttX/nuttx/nuttx-export/libs/libnuttx.a(arch-stm32_dma.o)
 *fill*         0x0800728a        0x2 
 .text.stm32_dmainterrupt
                0x0800728c       0x54 /home/intrepid/src1210_PixHawk2/Firmware/build_px4fmu-v3_default/px4io-v2/NuttX/nuttx/nuttx-export/libs/libnuttx.a(arch-stm32_dma.o)
 .text.up_dmainitialize
                0x080072e0       0x3c /home/intrepid/src1210_PixHawk2/Firmware/build_px4fmu-v3_default/px4io-v2/NuttX/nuttx/nuttx-export/libs/libnuttx.a(arch-stm32_dma.o)
                0x080072e0                up_dmainitialize
 .text.stm32_dmachannel
                0x0800731c       0x30 /home/intrepid/src1210_PixHawk2/Firmware/build_px4fmu-v3_default/px4io-v2/NuttX/nuttx/nuttx-export/libs/libnuttx.a(arch-stm32_dma.o)
                0x0800731c                stm32_dmachannel
 .text.stm32_dmafree
                0x0800734c        0x6 /home/intrepid/src1210_PixHawk2/Firmware/build_px4fmu-v3_default/px4io-v2/NuttX/nuttx/nuttx-export/libs/libnuttx.a(arch-stm32_dma.o)
                0x0800734c                stm32_dmafree
 .text.stm32_dmasetup
                0x08007352       0x34 /home/intrepid/src1210_PixHawk2/Firmware/build_px4fmu-v3_default/px4io-v2/NuttX/nuttx/nuttx-export/libs/libnuttx.a(arch-stm32_dma.o)
                0x08007352                stm32_dmasetup
 .text.stm32_dmastart
                0x08007386       0x28 /home/intrepid/src1210_PixHawk2/Firmware/build_px4fmu-v3_default/px4io-v2/NuttX/nuttx/nuttx-export/libs/libnuttx.a(arch-stm32_dma.o)
                0x08007386                stm32_dmastart
 .text.stm32_dmastop
                0x080073ae        0x4 /home/intrepid/src1210_PixHawk2/Firmware/build_px4fmu-v3_default/px4io-v2/NuttX/nuttx/nuttx-export/libs/libnuttx.a(arch-stm32_dma.o)
                0x080073ae                stm32_dmastop
 .text.stm32_dmaresidual
                0x080073b2        0x6 /home/intrepid/src1210_PixHawk2/Firmware/build_px4fmu-v3_default/px4io-v2/NuttX/nuttx/nuttx-export/libs/libnuttx.a(arch-stm32_dma.o)
                0x080073b2                stm32_dmaresidual
 .text.stm32_gpioinit
                0x080073b8       0x10 /home/intrepid/src1210_PixHawk2/Firmware/build_px4fmu-v3_default/px4io-v2/NuttX/nuttx/nuttx-export/libs/libnuttx.a(arch-stm32_gpio.o)
                0x080073b8                stm32_gpioinit
 .text.stm32_configgpio
                0x080073c8       0xd0 /home/intrepid/src1210_PixHawk2/Firmware/build_px4fmu-v3_default/px4io-v2/NuttX/nuttx/nuttx-export/libs/libnuttx.a(arch-stm32_gpio.o)
                0x080073c8                stm32_configgpio
 .text.stm32_unconfiggpio
                0x08007498        0xc /home/intrepid/src1210_PixHawk2/Firmware/build_px4fmu-v3_default/px4io-v2/NuttX/nuttx/nuttx-export/libs/libnuttx.a(arch-stm32_gpio.o)
                0x08007498                stm32_unconfiggpio
 .text.stm32_gpiowrite
                0x080074a4       0x2c /home/intrepid/src1210_PixHawk2/Firmware/build_px4fmu-v3_default/px4io-v2/NuttX/nuttx/nuttx-export/libs/libnuttx.a(arch-stm32_gpio.o)
                0x080074a4                stm32_gpiowrite
 .text.stm32_gpioread
                0x080074d0       0x2c /home/intrepid/src1210_PixHawk2/Firmware/build_px4fmu-v3_default/px4io-v2/NuttX/nuttx/nuttx-export/libs/libnuttx.a(arch-stm32_gpio.o)
                0x080074d0                stm32_gpioread
 .text.stm32_irqinfo
                0x080074fc       0x68 /home/intrepid/src1210_PixHawk2/Firmware/build_px4fmu-v3_default/px4io-v2/NuttX/nuttx/nuttx-export/libs/libnuttx.a(arch-stm32_irq.o)
 .text.up_irqinitialize
                0x08007564       0x80 /home/intrepid/src1210_PixHawk2/Firmware/build_px4fmu-v3_default/px4io-v2/NuttX/nuttx/nuttx-export/libs/libnuttx.a(arch-stm32_irq.o)
                0x08007564                up_irqinitialize
 .text.up_disable_irq
                0x080075e4       0x24 /home/intrepid/src1210_PixHawk2/Firmware/build_px4fmu-v3_default/px4io-v2/NuttX/nuttx/nuttx-export/libs/libnuttx.a(arch-stm32_irq.o)
                0x080075e4                up_disable_irq
 .text.up_enable_irq
                0x08007608       0x22 /home/intrepid/src1210_PixHawk2/Firmware/build_px4fmu-v3_default/px4io-v2/NuttX/nuttx/nuttx-export/libs/libnuttx.a(arch-stm32_irq.o)
                0x08007608                up_enable_irq
 .text.up_ack_irq
                0x0800762a        0x2 /home/intrepid/src1210_PixHawk2/Firmware/build_px4fmu-v3_default/px4io-v2/NuttX/nuttx/nuttx-export/libs/libnuttx.a(arch-stm32_irq.o)
                0x0800762a                up_ack_irq
 .text.up_setusartint
                0x0800762c       0x26 /home/intrepid/src1210_PixHawk2/Firmware/build_px4fmu-v3_default/px4io-v2/NuttX/nuttx/nuttx-export/libs/libnuttx.a(arch-stm32_serial.o)
 .text.up_restoreusartint
                0x08007652       0x18 /home/intrepid/src1210_PixHawk2/Firmware/build_px4fmu-v3_default/px4io-v2/NuttX/nuttx/nuttx-export/libs/libnuttx.a(arch-stm32_serial.o)
 .text.up_disableusartint
                0x0800766a       0x2e /home/intrepid/src1210_PixHawk2/Firmware/build_px4fmu-v3_default/px4io-v2/NuttX/nuttx/nuttx-export/libs/libnuttx.a(arch-stm32_serial.o)
 .text.up_set_format
                0x08007698       0x76 /home/intrepid/src1210_PixHawk2/Firmware/build_px4fmu-v3_default/px4io-v2/NuttX/nuttx/nuttx-export/libs/libnuttx.a(arch-stm32_serial.o)
 .text.up_receive
                0x0800770e       0x16 /home/intrepid/src1210_PixHawk2/Firmware/build_px4fmu-v3_default/px4io-v2/NuttX/nuttx/nuttx-export/libs/libnuttx.a(arch-stm32_serial.o)
 .text.up_rxint
                0x08007724       0x2e /home/intrepid/src1210_PixHawk2/Firmware/build_px4fmu-v3_default/px4io-v2/NuttX/nuttx/nuttx-export/libs/libnuttx.a(arch-stm32_serial.o)
 .text.up_rxavailable
                0x08007752        0xc /home/intrepid/src1210_PixHawk2/Firmware/build_px4fmu-v3_default/px4io-v2/NuttX/nuttx/nuttx-export/libs/libnuttx.a(arch-stm32_serial.o)
 .text.up_dma_rxint
                0x0800775e        0x8 /home/intrepid/src1210_PixHawk2/Firmware/build_px4fmu-v3_default/px4io-v2/NuttX/nuttx/nuttx-export/libs/libnuttx.a(arch-stm32_serial.o)
 .text.up_send  0x08007766        0x8 /home/intrepid/src1210_PixHawk2/Firmware/build_px4fmu-v3_default/px4io-v2/NuttX/nuttx/nuttx-export/libs/libnuttx.a(arch-stm32_serial.o)
 .text.up_txready
                0x0800776e        0xc /home/intrepid/src1210_PixHawk2/Firmware/build_px4fmu-v3_default/px4io-v2/NuttX/nuttx/nuttx-export/libs/libnuttx.a(arch-stm32_serial.o)
 .text.up_interrupt_common
                0x0800777a       0x4e /home/intrepid/src1210_PixHawk2/Firmware/build_px4fmu-v3_default/px4io-v2/NuttX/nuttx/nuttx-export/libs/libnuttx.a(arch-stm32_serial.o)
 .text.up_interrupt_usart1
                0x080077c8        0xc /home/intrepid/src1210_PixHawk2/Firmware/build_px4fmu-v3_default/px4io-v2/NuttX/nuttx/nuttx-export/libs/libnuttx.a(arch-stm32_serial.o)
 .text.up_interrupt_usart3
                0x080077d4        0xc /home/intrepid/src1210_PixHawk2/Firmware/build_px4fmu-v3_default/px4io-v2/NuttX/nuttx/nuttx-export/libs/libnuttx.a(arch-stm32_serial.o)
 .text.up_interrupt_usart2
                0x080077e0        0xc /home/intrepid/src1210_PixHawk2/Firmware/build_px4fmu-v3_default/px4io-v2/NuttX/nuttx/nuttx-export/libs/libnuttx.a(arch-stm32_serial.o)
 .text.up_txint
                0x080077ec       0x3a /home/intrepid/src1210_PixHawk2/Firmware/build_px4fmu-v3_default/px4io-v2/NuttX/nuttx/nuttx-export/libs/libnuttx.a(arch-stm32_serial.o)
 .text.up_dma_receive
                0x08007826       0x28 /home/intrepid/src1210_PixHawk2/Firmware/build_px4fmu-v3_default/px4io-v2/NuttX/nuttx/nuttx-export/libs/libnuttx.a(arch-stm32_serial.o)
 .text.up_ioctl
                0x0800784e       0xd6 /home/intrepid/src1210_PixHawk2/Firmware/build_px4fmu-v3_default/px4io-v2/NuttX/nuttx/nuttx-export/libs/libnuttx.a(arch-stm32_serial.o)
 .text.up_detach
                0x08007924       0x1a /home/intrepid/src1210_PixHawk2/Firmware/build_px4fmu-v3_default/px4io-v2/NuttX/nuttx/nuttx-export/libs/libnuttx.a(arch-stm32_serial.o)
 .text.up_attach
                0x0800793e       0x1e /home/intrepid/src1210_PixHawk2/Firmware/build_px4fmu-v3_default/px4io-v2/NuttX/nuttx/nuttx-export/libs/libnuttx.a(arch-stm32_serial.o)
 .text.up_dma_rxavailable
                0x0800795c       0x18 /home/intrepid/src1210_PixHawk2/Firmware/build_px4fmu-v3_default/px4io-v2/NuttX/nuttx/nuttx-export/libs/libnuttx.a(arch-stm32_serial.o)
 .text.up_dma_rxcallback
                0x08007974       0x1e /home/intrepid/src1210_PixHawk2/Firmware/build_px4fmu-v3_default/px4io-v2/NuttX/nuttx/nuttx-export/libs/libnuttx.a(arch-stm32_serial.o)
 *fill*         0x08007992        0x2 
 .text.up_shutdown
                0x08007994       0x70 /home/intrepid/src1210_PixHawk2/Firmware/build_px4fmu-v3_default/px4io-v2/NuttX/nuttx/nuttx-export/libs/libnuttx.a(arch-stm32_serial.o)
 .text.up_dma_shutdown
                0x08007a04       0x1a /home/intrepid/src1210_PixHawk2/Firmware/build_px4fmu-v3_default/px4io-v2/NuttX/nuttx/nuttx-export/libs/libnuttx.a(arch-stm32_serial.o)
 *fill*         0x08007a1e        0x2 
 .text.up_setup
                0x08007a20       0x98 /home/intrepid/src1210_PixHawk2/Firmware/build_px4fmu-v3_default/px4io-v2/NuttX/nuttx/nuttx-export/libs/libnuttx.a(arch-stm32_serial.o)
 .text.up_dma_setup
                0x08007ab8       0x50 /home/intrepid/src1210_PixHawk2/Firmware/build_px4fmu-v3_default/px4io-v2/NuttX/nuttx/nuttx-export/libs/libnuttx.a(arch-stm32_serial.o)
 .text.up_earlyserialinit
                0x08007b08       0x34 /home/intrepid/src1210_PixHawk2/Firmware/build_px4fmu-v3_default/px4io-v2/NuttX/nuttx/nuttx-export/libs/libnuttx.a(arch-stm32_serial.o)
                0x08007b08                up_earlyserialinit
 .text.up_serialinit
                0x08007b3c       0x60 /home/intrepid/src1210_PixHawk2/Firmware/build_px4fmu-v3_default/px4io-v2/NuttX/nuttx/nuttx-export/libs/libnuttx.a(arch-stm32_serial.o)
                0x08007b3c                up_serialinit
 .text.stm32_serial_dma_poll
                0x08007b9c       0x34 /home/intrepid/src1210_PixHawk2/Firmware/build_px4fmu-v3_default/px4io-v2/NuttX/nuttx/nuttx-export/libs/libnuttx.a(arch-stm32_serial.o)
                0x08007b9c                stm32_serial_dma_poll
 .text.up_putc  0x08007bd0       0x34 /home/intrepid/src1210_PixHawk2/Firmware/build_px4fmu-v3_default/px4io-v2/NuttX/nuttx/nuttx-export/libs/libnuttx.a(arch-stm32_serial.o)
                0x08007bd0                up_putc
 .text.go_os_start
                0x08007c04       0x24 /home/intrepid/src1210_PixHawk2/Firmware/build_px4fmu-v3_default/px4io-v2/NuttX/nuttx/nuttx-export/libs/libnuttx.a(arch-stm32_start.o)
 .text.__start  0x08007c28       0x58 /home/intrepid/src1210_PixHawk2/Firmware/build_px4fmu-v3_default/px4io-v2/NuttX/nuttx/nuttx-export/libs/libnuttx.a(arch-stm32_start.o)
                0x08007c28                __start
 .text.up_taskdump
                0x08007c80       0x30 /home/intrepid/src1210_PixHawk2/Firmware/build_px4fmu-v3_default/px4io-v2/NuttX/nuttx/nuttx-export/libs/libnuttx.a(arch-up_assert.o)
 .text.up_assert
                0x08007cb0      0x1c0 /home/intrepid/src1210_PixHawk2/Firmware/build_px4fmu-v3_default/px4io-v2/NuttX/nuttx/nuttx-export/libs/libnuttx.a(arch-up_assert.o)
                0x08007cb0                up_assert
 .text.up_check_tcbstack
                0x08007e70       0x34 /home/intrepid/src1210_PixHawk2/Firmware/build_px4fmu-v3_default/px4io-v2/NuttX/nuttx/nuttx-export/libs/libnuttx.a(arch-up_checkstack.o)
                0x08007e70                up_check_tcbstack
 .text.up_hardfault
                0x08007ea4       0x34 /home/intrepid/src1210_PixHawk2/Firmware/build_px4fmu-v3_default/px4io-v2/NuttX/nuttx/nuttx-export/libs/libnuttx.a(arch-up_hardfault.o)
                0x08007ea4                up_hardfault
 .text.modifyreg32
                0x08007ed8       0x1e /home/intrepid/src1210_PixHawk2/Firmware/build_px4fmu-v3_default/px4io-v2/NuttX/nuttx/nuttx-export/libs/libnuttx.a(arch-up_modifyreg32.o)
                0x08007ed8                modifyreg32
 *fill*         0x08007ef6        0x2 
 .text.up_svcall
                0x08007ef8       0x34 /home/intrepid/src1210_PixHawk2/Firmware/build_px4fmu-v3_default/px4io-v2/NuttX/nuttx/nuttx-export/libs/libnuttx.a(arch-up_svcall.o)
                0x08007ef8                up_svcall
 .text.up_systemreset
                0x08007f2c       0x1c /home/intrepid/src1210_PixHawk2/Firmware/build_px4fmu-v3_default/px4io-v2/NuttX/nuttx/nuttx-export/libs/libnuttx.a(arch-up_systemreset.o)
                0x08007f2c                up_systemreset
 .text.up_udelay
                0x08007f48       0x72 /home/intrepid/src1210_PixHawk2/Firmware/build_px4fmu-v3_default/px4io-v2/NuttX/nuttx/nuttx-export/libs/libnuttx.a(arch-up_udelay.o)
                0x08007f48                up_udelay
 .text.__cxa_atexit
                0x08007fba        0x4 /home/intrepid/src1210_PixHawk2/Firmware/build_px4fmu-v3_default/px4io-v2/NuttX/nuttx/nuttx-export/libs/libnuttx.a(cxx-libxx_cxa_atexit.o)
                0x08007fba                __cxa_atexit
 *fill*         0x08007fbe        0x2 
 .text.__cxa_pure_virtual
                0x08007fc0       0x10 /home/intrepid/src1210_PixHawk2/Firmware/build_px4fmu-v3_default/px4io-v2/NuttX/nuttx/nuttx-export/libs/libnuttx.a(cxx-libxx_cxapurevirtual.o)
                0x08007fc0                __cxa_pure_virtual
 .text._ZdaPv   0x08007fd0        0x4 /home/intrepid/src1210_PixHawk2/Firmware/build_px4fmu-v3_default/px4io-v2/NuttX/nuttx/nuttx-export/libs/libnuttx.a(cxx-libxx_deletea.o)
                0x08007fd0                operator delete[](void*)
 .text._ZdlPv   0x08007fd4        0x4 /home/intrepid/src1210_PixHawk2/Firmware/build_px4fmu-v3_default/px4io-v2/NuttX/nuttx/nuttx-export/libs/libnuttx.a(cxx-libxx_delete.o)
                0x08007fd4                operator delete(void*)
 .text.__aeabi_atexit
                0x08007fd8        0xa /home/intrepid/src1210_PixHawk2/Firmware/build_px4fmu-v3_default/px4io-v2/NuttX/nuttx/nuttx-export/libs/libnuttx.a(cxx-libxx_eabi_atexit.o)
                0x08007fd8                __aeabi_atexit
 .text._Znaj    0x08007fe2        0xa /home/intrepid/src1210_PixHawk2/Firmware/build_px4fmu-v3_default/px4io-v2/NuttX/nuttx/nuttx-export/libs/libnuttx.a(cxx-libxx_newa.o)
                0x08007fe2                operator new[](unsigned int)
 .text._Znwj    0x08007fec        0xa /home/intrepid/src1210_PixHawk2/Firmware/build_px4fmu-v3_default/px4io-v2/NuttX/nuttx/nuttx-export/libs/libnuttx.a(cxx-libxx_new.o)
                0x08007fec                operator new(unsigned int)
 .text.close    0x08007ff6       0x24 /home/intrepid/src1210_PixHawk2/Firmware/build_px4fmu-v3_default/px4io-v2/NuttX/nuttx/nuttx-export/libs/libnuttx.a(fs-fs_close.o)
                0x08007ff6                close
 .text._files_close
                0x0800801a       0x2a /home/intrepid/src1210_PixHawk2/Firmware/build_px4fmu-v3_default/px4io-v2/NuttX/nuttx/nuttx-export/libs/libnuttx.a(fs-fs_files.o)
 .text._files_semtake
                0x08008044       0x24 /home/intrepid/src1210_PixHawk2/Firmware/build_px4fmu-v3_default/px4io-v2/NuttX/nuttx/nuttx-export/libs/libnuttx.a(fs-fs_files.o)
 .text.files_initialize
                0x08008068        0x2 /home/intrepid/src1210_PixHawk2/Firmware/build_px4fmu-v3_default/px4io-v2/NuttX/nuttx/nuttx-export/libs/libnuttx.a(fs-fs_files.o)
                0x08008068                files_initialize
 .text.files_initlist
                0x0800806a        0x8 /home/intrepid/src1210_PixHawk2/Firmware/build_px4fmu-v3_default/px4io-v2/NuttX/nuttx/nuttx-export/libs/libnuttx.a(fs-fs_files.o)
                0x0800806a                files_initlist
 .text.files_releaselist
                0x08008072       0x20 /home/intrepid/src1210_PixHawk2/Firmware/build_px4fmu-v3_default/px4io-v2/NuttX/nuttx/nuttx-export/libs/libnuttx.a(fs-fs_files.o)
                0x08008072                files_releaselist
 .text.file_dup2
                0x08008092       0x86 /home/intrepid/src1210_PixHawk2/Firmware/build_px4fmu-v3_default/px4io-v2/NuttX/nuttx/nuttx-export/libs/libnuttx.a(fs-fs_files.o)
                0x08008092                file_dup2
 .text.files_allocate
                0x08008118       0x52 /home/intrepid/src1210_PixHawk2/Firmware/build_px4fmu-v3_default/px4io-v2/NuttX/nuttx/nuttx-export/libs/libnuttx.a(fs-fs_files.o)
                0x08008118                files_allocate
 .text.files_close
                0x0800816a       0x32 /home/intrepid/src1210_PixHawk2/Firmware/build_px4fmu-v3_default/px4io-v2/NuttX/nuttx/nuttx-export/libs/libnuttx.a(fs-fs_files.o)
                0x0800816a                files_close
 .text.files_release
                0x0800819c       0x2a /home/intrepid/src1210_PixHawk2/Firmware/build_px4fmu-v3_default/px4io-v2/NuttX/nuttx/nuttx-export/libs/libnuttx.a(fs-fs_files.o)
                0x0800819c                files_release
 .text.inode_addref
                0x080081c6       0x1a /home/intrepid/src1210_PixHawk2/Firmware/build_px4fmu-v3_default/px4io-v2/NuttX/nuttx/nuttx-export/libs/libnuttx.a(fs-fs_inodeaddref.o)
                0x080081c6                inode_addref
 .text.inode_initialize
                0x080081e0       0x2c /home/intrepid/src1210_PixHawk2/Firmware/build_px4fmu-v3_default/px4io-v2/NuttX/nuttx/nuttx-export/libs/libnuttx.a(fs-fs_inode.o)
                0x080081e0                inode_initialize
 .text.inode_semtake
                0x0800820c       0x48 /home/intrepid/src1210_PixHawk2/Firmware/build_px4fmu-v3_default/px4io-v2/NuttX/nuttx/nuttx-export/libs/libnuttx.a(fs-fs_inode.o)
                0x0800820c                inode_semtake
 .text.inode_semgive
                0x08008254       0x24 /home/intrepid/src1210_PixHawk2/Firmware/build_px4fmu-v3_default/px4io-v2/NuttX/nuttx/nuttx-export/libs/libnuttx.a(fs-fs_inode.o)
                0x08008254                inode_semgive
 .text.inode_free
                0x08008278       0x1e /home/intrepid/src1210_PixHawk2/Firmware/build_px4fmu-v3_default/px4io-v2/NuttX/nuttx/nuttx-export/libs/libnuttx.a(fs-fs_inode.o)
                0x08008278                inode_free
 .text.inode_nextname
                0x08008296       0x12 /home/intrepid/src1210_PixHawk2/Firmware/build_px4fmu-v3_default/px4io-v2/NuttX/nuttx/nuttx-export/libs/libnuttx.a(fs-fs_inode.o)
                0x08008296                inode_nextname
 .text.inode_search
                0x080082a8       0x9c /home/intrepid/src1210_PixHawk2/Firmware/build_px4fmu-v3_default/px4io-v2/NuttX/nuttx/nuttx-export/libs/libnuttx.a(fs-fs_inode.o)
                0x080082a8                inode_search
 .text.inode_release
                0x08008344       0x3a /home/intrepid/src1210_PixHawk2/Firmware/build_px4fmu-v3_default/px4io-v2/NuttX/nuttx/nuttx-export/libs/libnuttx.a(fs-fs_inoderelease.o)
                0x08008344                inode_release
 .text.file_ioctl
                0x0800837e       0x2a /home/intrepid/src1210_PixHawk2/Firmware/build_px4fmu-v3_default/px4io-v2/NuttX/nuttx/nuttx-export/libs/libnuttx.a(fs-fs_ioctl.o)
                0x0800837e                file_ioctl
 .text.ioctl    0x080083a8       0x2c /home/intrepid/src1210_PixHawk2/Firmware/build_px4fmu-v3_default/px4io-v2/NuttX/nuttx/nuttx-export/libs/libnuttx.a(fs-fs_ioctl.o)
                0x080083a8                ioctl
 .text.inode_checkflags
                0x080083d4       0x28 /home/intrepid/src1210_PixHawk2/Firmware/build_px4fmu-v3_default/px4io-v2/NuttX/nuttx/nuttx-export/libs/libnuttx.a(fs-fs_open.o)
                0x080083d4                inode_checkflags
 .text.open     0x080083fc       0x80 /home/intrepid/src1210_PixHawk2/Firmware/build_px4fmu-v3_default/px4io-v2/NuttX/nuttx/nuttx-export/libs/libnuttx.a(fs-fs_open.o)
                0x080083fc                open
 .text.file_read
                0x0800847c       0x38 /home/intrepid/src1210_PixHawk2/Firmware/build_px4fmu-v3_default/px4io-v2/NuttX/nuttx/nuttx-export/libs/libnuttx.a(fs-fs_read.o)
                0x0800847c                file_read
 .text.read     0x080084b4       0x2c /home/intrepid/src1210_PixHawk2/Firmware/build_px4fmu-v3_default/px4io-v2/NuttX/nuttx/nuttx-export/libs/libnuttx.a(fs-fs_read.o)
                0x080084b4                read
 .text.file_write
                0x080084e0       0x2c /home/intrepid/src1210_PixHawk2/Firmware/build_px4fmu-v3_default/px4io-v2/NuttX/nuttx/nuttx-export/libs/libnuttx.a(fs-fs_write.o)
                0x080084e0                file_write
 .text.write    0x0800850c       0x2c /home/intrepid/src1210_PixHawk2/Firmware/build_px4fmu-v3_default/px4io-v2/NuttX/nuttx/nuttx-export/libs/libnuttx.a(fs-fs_write.o)
                0x0800850c                write
 .text.get_errno_ptr
                0x08008538       0x24 /home/intrepid/src1210_PixHawk2/Firmware/build_px4fmu-v3_default/px4io-v2/NuttX/nuttx/nuttx-export/libs/libnuttx.a(sched-errno_getptr.o)
                0x08008538                get_errno_ptr
 .text.exit     0x0800855c       0x1c /home/intrepid/src1210_PixHawk2/Firmware/build_px4fmu-v3_default/px4io-v2/NuttX/nuttx/nuttx-export/libs/libnuttx.a(sched-exit.o)
                0x0800855c                exit
 .text.os_start
                0x08008578      0x150 /home/intrepid/src1210_PixHawk2/Firmware/build_px4fmu-v3_default/px4io-v2/NuttX/nuttx/nuttx-export/libs/libnuttx.a(sched-os_start.o)
                0x08008578                os_start
 .text.sched_foreach
                0x080086c8       0x30 /home/intrepid/src1210_PixHawk2/Firmware/build_px4fmu-v3_default/px4io-v2/NuttX/nuttx/nuttx-export/libs/libnuttx.a(sched-sched_foreach.o)
                0x080086c8                sched_foreach
 .text.sched_garbage_collection
                0x080086f8       0x30 /home/intrepid/src1210_PixHawk2/Firmware/build_px4fmu-v3_default/px4io-v2/NuttX/nuttx/nuttx-export/libs/libnuttx.a(sched-sched_garbage.o)
                0x080086f8                sched_garbage_collection
 .text.sched_have_garbage
                0x08008728       0x10 /home/intrepid/src1210_PixHawk2/Firmware/build_px4fmu-v3_default/px4io-v2/NuttX/nuttx/nuttx-export/libs/libnuttx.a(sched-sched_garbage.o)
                0x08008728                sched_have_garbage
 .text.sched_getfiles
                0x08008738       0x10 /home/intrepid/src1210_PixHawk2/Firmware/build_px4fmu-v3_default/px4io-v2/NuttX/nuttx/nuttx-export/libs/libnuttx.a(sched-sched_getfiles.o)
                0x08008738                sched_getfiles
 .text.sem_destroy
                0x08008748       0x22 /home/intrepid/src1210_PixHawk2/Firmware/build_px4fmu-v3_default/px4io-v2/NuttX/nuttx/nuttx-export/libs/libnuttx.a(sched-sem_destroy.o)
                0x08008748                sem_destroy
 *fill*         0x0800876a        0x2 
 .text.sem_post
                0x0800876c       0x68 /home/intrepid/src1210_PixHawk2/Firmware/build_px4fmu-v3_default/px4io-v2/NuttX/nuttx/nuttx-export/libs/libnuttx.a(sched-sem_post.o)
                0x0800876c                sem_post
 .text.sem_wait
                0x080087d4       0x8c /home/intrepid/src1210_PixHawk2/Firmware/build_px4fmu-v3_default/px4io-v2/NuttX/nuttx/nuttx-export/libs/libnuttx.a(sched-sem_wait.o)
                0x080087d4                sem_wait
 .text.task_exithook
                0x08008860       0x1e /home/intrepid/src1210_PixHawk2/Firmware/build_px4fmu-v3_default/px4io-v2/NuttX/nuttx/nuttx-export/libs/libnuttx.a(sched-task_exithook.o)
                0x08008860                task_exithook
 *fill*         0x0800887e        0x2 
 .text.getpid   0x08008880       0x10 /home/intrepid/src1210_PixHawk2/Firmware/build_px4fmu-v3_default/px4io-v2/NuttX/nuttx/nuttx-export/libs/libnuttx.a(sched-task_getpid.o)
                0x08008880                getpid
 .text.task_recover
                0x08008890       0x12 /home/intrepid/src1210_PixHawk2/Firmware/build_px4fmu-v3_default/px4io-v2/NuttX/nuttx/nuttx-export/libs/libnuttx.a(sched-task_recover.o)
                0x08008890                task_recover
 .text.wd_recover
                0x080088a2       0x28 /home/intrepid/src1210_PixHawk2/Firmware/build_px4fmu-v3_default/px4io-v2/NuttX/nuttx/nuttx-export/libs/libnuttx.a(sched-wd_recover.o)
                0x080088a2                wd_recover
 .text.uart_xmitchars
                0x080088ca       0x70 /home/intrepid/src1210_PixHawk2/Firmware/build_px4fmu-v3_default/px4io-v2/NuttX/nuttx/nuttx-export/libs/libnuttx.a(drivers-serial_io.o)
                0x080088ca                uart_xmitchars
 .text.uart_recvchars
                0x0800893a       0x66 /home/intrepid/src1210_PixHawk2/Firmware/build_px4fmu-v3_default/px4io-v2/NuttX/nuttx/nuttx-export/libs/libnuttx.a(drivers-serial_io.o)
                0x0800893a                uart_recvchars
 .text.uart_ioctl
                0x080089a0      0x102 /home/intrepid/src1210_PixHawk2/Firmware/build_px4fmu-v3_default/px4io-v2/NuttX/nuttx/nuttx-export/libs/libnuttx.a(drivers-serial.o)
 *fill*         0x08008aa2        0x2 
 .text.uart_takesem
                0x08008aa4       0x30 /home/intrepid/src1210_PixHawk2/Firmware/build_px4fmu-v3_default/px4io-v2/NuttX/nuttx/nuttx-export/libs/libnuttx.a(drivers-serial.o)
 .text.uart_putxmitchar
                0x08008ad4       0x98 /home/intrepid/src1210_PixHawk2/Firmware/build_px4fmu-v3_default/px4io-v2/NuttX/nuttx/nuttx-export/libs/libnuttx.a(drivers-serial.o)
 .text.uart_write
                0x08008b6c      0x102 /home/intrepid/src1210_PixHawk2/Firmware/build_px4fmu-v3_default/px4io-v2/NuttX/nuttx/nuttx-export/libs/libnuttx.a(drivers-serial.o)
 .text.uart_read
                0x08008c6e       0xea /home/intrepid/src1210_PixHawk2/Firmware/build_px4fmu-v3_default/px4io-v2/NuttX/nuttx/nuttx-export/libs/libnuttx.a(drivers-serial.o)
 .text.uart_open
                0x08008d58       0x90 /home/intrepid/src1210_PixHawk2/Firmware/build_px4fmu-v3_default/px4io-v2/NuttX/nuttx/nuttx-export/libs/libnuttx.a(drivers-serial.o)
 .text.uart_close
                0x08008de8       0xaa /home/intrepid/src1210_PixHawk2/Firmware/build_px4fmu-v3_default/px4io-v2/NuttX/nuttx/nuttx-export/libs/libnuttx.a(drivers-serial.o)
 *fill*         0x08008e92        0x2 
 .text.uart_register
                0x08008e94       0x70 /home/intrepid/src1210_PixHawk2/Firmware/build_px4fmu-v3_default/px4io-v2/NuttX/nuttx/nuttx-export/libs/libnuttx.a(drivers-serial.o)
                0x08008e94                uart_register
 .text.uart_datareceived
                0x08008f04       0x10 /home/intrepid/src1210_PixHawk2/Firmware/build_px4fmu-v3_default/px4io-v2/NuttX/nuttx/nuttx-export/libs/libnuttx.a(drivers-serial.o)
                0x08008f04                uart_datareceived
 .text.uart_datasent
                0x08008f14       0x10 /home/intrepid/src1210_PixHawk2/Firmware/build_px4fmu-v3_default/px4io-v2/NuttX/nuttx/nuttx-export/libs/libnuttx.a(drivers-serial.o)
                0x08008f14                uart_datasent
 .text.syslog_initialize
                0x08008f24        0xc /home/intrepid/src1210_PixHawk2/Firmware/build_px4fmu-v3_default/px4io-v2/NuttX/nuttx/nuttx-export/libs/libnuttx.a(drivers-syslog_initialize.o)
                0x08008f24                syslog_initialize
 .text._vsyslog
                0x08008f30       0x24 /home/intrepid/src1210_PixHawk2/Firmware/build_px4fmu-v3_default/px4io-v2/NuttX/nuttx/nuttx-export/libs/libnuttx.a(drivers-vsyslog.o)
                0x08008f30                _vsyslog
 .text.dq_addfirst
                0x08008f54       0x18 /home/intrepid/src1210_PixHawk2/Firmware/build_px4fmu-v3_default/px4io-v2/NuttX/nuttx/nuttx-export/libs/libnuttx.a(c-dq_addfirst.o)
                0x08008f54                dq_addfirst
 .text.cfgetspeed
                0x08008f6c        0x4 /home/intrepid/src1210_PixHawk2/Firmware/build_px4fmu-v3_default/px4io-v2/NuttX/nuttx/nuttx-export/libs/libnuttx.a(c-lib_cfgetspeed.o)
                0x08008f6c                cfgetspeed
 .text.lib_checkbase
                0x08008f70       0x5e /home/intrepid/src1210_PixHawk2/Firmware/build_px4fmu-v3_default/px4io-v2/NuttX/nuttx/nuttx-export/libs/libnuttx.a(c-lib_checkbase.o)
                0x08008f70                lib_checkbase
 .text.lib_isbasedigit
                0x08008fce       0x4e /home/intrepid/src1210_PixHawk2/Firmware/build_px4fmu-v3_default/px4io-v2/NuttX/nuttx/nuttx-export/libs/libnuttx.a(c-lib_isbasedigit.o)
                0x08008fce                lib_isbasedigit
 .text.utodec   0x0800901c       0x24 /home/intrepid/src1210_PixHawk2/Firmware/build_px4fmu-v3_default/px4io-v2/NuttX/nuttx/nuttx-export/libs/libnuttx.a(c-lib_libvsprintf.o)
 .text.utooct   0x08009040       0x1e /home/intrepid/src1210_PixHawk2/Firmware/build_px4fmu-v3_default/px4io-v2/NuttX/nuttx/nuttx-export/libs/libnuttx.a(c-lib_libvsprintf.o)
 .text.utobin   0x0800905e       0x1e /home/intrepid/src1210_PixHawk2/Firmware/build_px4fmu-v3_default/px4io-v2/NuttX/nuttx/nuttx-export/libs/libnuttx.a(c-lib_libvsprintf.o)
 .text.prejustify
                0x0800907c       0x8c /home/intrepid/src1210_PixHawk2/Firmware/build_px4fmu-v3_default/px4io-v2/NuttX/nuttx/nuttx-export/libs/libnuttx.a(c-lib_libvsprintf.o)
 .text.utohex   0x08009108       0x4a /home/intrepid/src1210_PixHawk2/Firmware/build_px4fmu-v3_default/px4io-v2/NuttX/nuttx/nuttx-export/libs/libnuttx.a(c-lib_libvsprintf.o)
 .text.utoascii
                0x08009152       0x8c /home/intrepid/src1210_PixHawk2/Firmware/build_px4fmu-v3_default/px4io-v2/NuttX/nuttx/nuttx-export/libs/libnuttx.a(c-lib_libvsprintf.o)
 *fill*         0x080091de        0x2 
 .text.lib_vsprintf
                0x080091e0      0x23c /home/intrepid/src1210_PixHawk2/Firmware/build_px4fmu-v3_default/px4io-v2/NuttX/nuttx/nuttx-export/libs/libnuttx.a(c-lib_libvsprintf.o)
                0x080091e0                lib_vsprintf
 .text.memoutstream_putc
                0x0800941c       0x1a /home/intrepid/src1210_PixHawk2/Firmware/build_px4fmu-v3_default/px4io-v2/NuttX/nuttx/nuttx-export/libs/libnuttx.a(c-lib_memoutstream.o)
 *fill*         0x08009436        0x2 
 .text.lib_memoutstream
                0x08009438       0x18 /home/intrepid/src1210_PixHawk2/Firmware/build_px4fmu-v3_default/px4io-v2/NuttX/nuttx/nuttx-export/libs/libnuttx.a(c-lib_memoutstream.o)
                0x08009438                lib_memoutstream
 .text.nulloutstream_putc
                0x08009450        0x8 /home/intrepid/src1210_PixHawk2/Firmware/build_px4fmu-v3_default/px4io-v2/NuttX/nuttx/nuttx-export/libs/libnuttx.a(c-lib_nulloutstream.o)
 .text.lib_nulloutstream
                0x08009458       0x10 /home/intrepid/src1210_PixHawk2/Firmware/build_px4fmu-v3_default/px4io-v2/NuttX/nuttx/nuttx-export/libs/libnuttx.a(c-lib_nulloutstream.o)
                0x08009458                lib_nulloutstream
 .text.lib_skipspace
                0x08009468       0x16 /home/intrepid/src1210_PixHawk2/Firmware/build_px4fmu-v3_default/px4io-v2/NuttX/nuttx/nuttx-export/libs/libnuttx.a(c-lib_skipspace.o)
                0x08009468                lib_skipspace
 .text.strcpy   0x0800947e       0x10 /home/intrepid/src1210_PixHawk2/Firmware/build_px4fmu-v3_default/px4io-v2/NuttX/nuttx/nuttx-export/libs/libnuttx.a(c-lib_strcpy.o)
                0x0800947e                strcpy
 .text.strlen   0x0800948e       0x10 /home/intrepid/src1210_PixHawk2/Firmware/build_px4fmu-v3_default/px4io-v2/NuttX/nuttx/nuttx-export/libs/libnuttx.a(c-lib_strlen.o)
                0x0800948e                strlen
 .text.sem_init
                0x0800949e       0x20 /home/intrepid/src1210_PixHawk2/Firmware/build_px4fmu-v3_default/px4io-v2/NuttX/nuttx/nuttx-export/libs/libnuttx.a(c-sem_init.o)
                0x0800949e                sem_init
 .text.sem_setprotocol
                0x080094be       0x22 /home/intrepid/src1210_PixHawk2/Firmware/build_px4fmu-v3_default/px4io-v2/NuttX/nuttx/nuttx-export/libs/libnuttx.a(c-sem_setprotocol.o)
                0x080094be                sem_setprotocol
 .text.sq_remafter
                0x080094e0       0x22 /home/intrepid/src1210_PixHawk2/Firmware/build_px4fmu-v3_default/px4io-v2/NuttX/nuttx/nuttx-export/libs/libnuttx.a(c-sq_remafter.o)
                0x080094e0                sq_remafter
 .text.sq_remfirst
                0x08009502       0x14 /home/intrepid/src1210_PixHawk2/Firmware/build_px4fmu-v3_default/px4io-v2/NuttX/nuttx/nuttx-export/libs/libnuttx.a(c-sq_remfirst.o)
                0x08009502                sq_remfirst
 .text.mm_free  0x08009516       0xa4 /home/intrepid/src1210_PixHawk2/Firmware/build_px4fmu-v3_default/px4io-v2/NuttX/nuttx/nuttx-export/libs/libnuttx.a(mm-mm_free.o)
                0x08009516                mm_free
 .text.mm_mallinfo
                0x080095ba       0x56 /home/intrepid/src1210_PixHawk2/Firmware/build_px4fmu-v3_default/px4io-v2/NuttX/nuttx/nuttx-export/libs/libnuttx.a(mm-mm_mallinfo.o)
                0x080095ba                mm_mallinfo
 .text.mm_malloc
                0x08009610       0x92 /home/intrepid/src1210_PixHawk2/Firmware/build_px4fmu-v3_default/px4io-v2/NuttX/nuttx/nuttx-export/libs/libnuttx.a(mm-mm_malloc.o)
                0x08009610                mm_malloc
 .text.mm_seminitialize
                0x080096a2       0x18 /home/intrepid/src1210_PixHawk2/Firmware/build_px4fmu-v3_default/px4io-v2/NuttX/nuttx/nuttx-export/libs/libnuttx.a(mm-mm_sem.o)
                0x080096a2                mm_seminitialize
 .text.mm_trysemaphore
                0x080096ba       0x32 /home/intrepid/src1210_PixHawk2/Firmware/build_px4fmu-v3_default/px4io-v2/NuttX/nuttx/nuttx-export/libs/libnuttx.a(mm-mm_sem.o)
                0x080096ba                mm_trysemaphore
 .text.mm_takesemaphore
                0x080096ec       0x40 /home/intrepid/src1210_PixHawk2/Firmware/build_px4fmu-v3_default/px4io-v2/NuttX/nuttx/nuttx-export/libs/libnuttx.a(mm-mm_sem.o)
                0x080096ec                mm_takesemaphore
 .text.mm_givesemaphore
                0x0800972c       0x2c /home/intrepid/src1210_PixHawk2/Firmware/build_px4fmu-v3_default/px4io-v2/NuttX/nuttx/nuttx-export/libs/libnuttx.a(mm-mm_sem.o)
                0x0800972c                mm_givesemaphore
 .text.mm_size2ndx
                0x08009758       0x1a /home/intrepid/src1210_PixHawk2/Firmware/build_px4fmu-v3_default/px4io-v2/NuttX/nuttx/nuttx-export/libs/libnuttx.a(mm-mm_size2ndx.o)
                0x08009758                mm_size2ndx
 .text.mm_zalloc
                0x08009772       0x18 /home/intrepid/src1210_PixHawk2/Firmware/build_px4fmu-v3_default/px4io-v2/NuttX/nuttx/nuttx-export/libs/libnuttx.a(mm-mm_zalloc.o)
                0x08009772                mm_zalloc
 *fill*         0x0800978a        0x2 
 .text.umm_initialize
                0x0800978c       0x10 /home/intrepid/src1210_PixHawk2/Firmware/build_px4fmu-v3_default/px4io-v2/NuttX/nuttx/nuttx-export/libs/libnuttx.a(mm-umm_initialize.o)
                0x0800978c                umm_initialize
 .text.umm_trysemaphore
                0x0800979c        0xc /home/intrepid/src1210_PixHawk2/Firmware/build_px4fmu-v3_default/px4io-v2/NuttX/nuttx/nuttx-export/libs/libnuttx.a(mm-umm_sem.o)
                0x0800979c                umm_trysemaphore
 .text.umm_givesemaphore
                0x080097a8        0xc /home/intrepid/src1210_PixHawk2/Firmware/build_px4fmu-v3_default/px4io-v2/NuttX/nuttx/nuttx-export/libs/libnuttx.a(mm-umm_sem.o)
                0x080097a8                umm_givesemaphore
 .text.up_allocate_heap
                0x080097b4       0x14 /home/intrepid/src1210_PixHawk2/Firmware/build_px4fmu-v3_default/px4io-v2/NuttX/nuttx/nuttx-export/libs/libnuttx.a(arch-stm32_allocateheap.o)
                0x080097b4                up_allocate_heap
 .text.up_idle  0x080097c8        0x2 /home/intrepid/src1210_PixHawk2/Firmware/build_px4fmu-v3_default/px4io-v2/NuttX/nuttx/nuttx-export/libs/libnuttx.a(arch-stm32_idle.o)
                0x080097c8                up_idle
 *fill*         0x080097ca        0x2 
 .text.up_lowputc
                0x080097cc       0x18 /home/intrepid/src1210_PixHawk2/Firmware/build_px4fmu-v3_default/px4io-v2/NuttX/nuttx/nuttx-export/libs/libnuttx.a(arch-stm32_lowputc.o)
                0x080097cc                up_lowputc
 .text.stm32_lowsetup
                0x080097e4       0x6c /home/intrepid/src1210_PixHawk2/Firmware/build_px4fmu-v3_default/px4io-v2/NuttX/nuttx/nuttx-export/libs/libnuttx.a(arch-stm32_lowputc.o)
                0x080097e4                stm32_lowsetup
 .text.stm32_clockconfig
                0x08009850       0xe8 /home/intrepid/src1210_PixHawk2/Firmware/build_px4fmu-v3_default/px4io-v2/NuttX/nuttx/nuttx-export/libs/libnuttx.a(arch-stm32_rcc.o)
                0x08009850                stm32_clockconfig
 .text.up_block_task
                0x08009938       0x74 /home/intrepid/src1210_PixHawk2/Firmware/build_px4fmu-v3_default/px4io-v2/NuttX/nuttx/nuttx-export/libs/libnuttx.a(arch-up_blocktask.o)
                0x08009938                up_block_task
 .text.up_copyfullstate
                0x080099ac       0x18 /home/intrepid/src1210_PixHawk2/Firmware/build_px4fmu-v3_default/px4io-v2/NuttX/nuttx/nuttx-export/libs/libnuttx.a(arch-up_copyfullstate.o)
                0x080099ac                up_copyfullstate
 .text          0x080099c4       0x62 /home/intrepid/src1210_PixHawk2/Firmware/build_px4fmu-v3_default/px4io-v2/NuttX/nuttx/nuttx-export/libs/libnuttx.a(arch-up_exception.o)
                0x080099c4                exception_common
 *fill*         0x08009a26        0x2 
 .text._exit    0x08009a28       0x20 /home/intrepid/src1210_PixHawk2/Firmware/build_px4fmu-v3_default/px4io-v2/NuttX/nuttx/nuttx-export/libs/libnuttx.a(arch-up_exit.o)
                0x08009a28                _exit
 .text          0x08009a48        0xa /home/intrepid/src1210_PixHawk2/Firmware/build_px4fmu-v3_default/px4io-v2/NuttX/nuttx/nuttx-export/libs/libnuttx.a(arch-up_fullcontextrestore.o)
                0x08009a48                up_fullcontextrestore
 *fill*         0x08009a52        0x2 
 .text.up_initialize
                0x08009a54       0x30 /home/intrepid/src1210_PixHawk2/Firmware/build_px4fmu-v3_default/px4io-v2/NuttX/nuttx/nuttx-export/libs/libnuttx.a(arch-up_initialize.o)
                0x08009a54                up_initialize
 .text.up_initial_state
                0x08009a84       0x2e /home/intrepid/src1210_PixHawk2/Firmware/build_px4fmu-v3_default/px4io-v2/NuttX/nuttx/nuttx-export/libs/libnuttx.a(arch-up_initialstate.o)
                0x08009a84                up_initial_state
 *fill*         0x08009ab2        0x2 
 .text.up_interrupt_context
                0x08009ab4       0x10 /home/intrepid/src1210_PixHawk2/Firmware/build_px4fmu-v3_default/px4io-v2/NuttX/nuttx/nuttx-export/libs/libnuttx.a(arch-up_interruptcontext.o)
                0x08009ab4                up_interrupt_context
 .text.up_mdelay
                0x08009ac4       0x2a /home/intrepid/src1210_PixHawk2/Firmware/build_px4fmu-v3_default/px4io-v2/NuttX/nuttx/nuttx-export/libs/libnuttx.a(arch-up_mdelay.o)
                0x08009ac4                up_mdelay
 .text          0x08009aee        0xc /home/intrepid/src1210_PixHawk2/Firmware/build_px4fmu-v3_default/px4io-v2/NuttX/nuttx/nuttx-export/libs/libnuttx.a(arch-up_switchcontext.o)
                0x08009aee                up_switchcontext
 *fill*         0x08009afa        0x2 
 .text.up_unblock_task
                0x08009afc       0x54 /home/intrepid/src1210_PixHawk2/Firmware/build_px4fmu-v3_default/px4io-v2/NuttX/nuttx/nuttx-export/libs/libnuttx.a(arch-up_unblocktask.o)
                0x08009afc                up_unblock_task
 .text.fs_getfilep
                0x08009b50       0x26 /home/intrepid/src1210_PixHawk2/Firmware/build_px4fmu-v3_default/px4io-v2/NuttX/nuttx/nuttx-export/libs/libnuttx.a(fs-fs_getfilep.o)
                0x08009b50                fs_getfilep
 .text.fs_initialize
                0x08009b76        0x4 /home/intrepid/src1210_PixHawk2/Firmware/build_px4fmu-v3_default/px4io-v2/NuttX/nuttx/nuttx-export/libs/libnuttx.a(fs-fs_initialize.o)
                0x08009b76                fs_initialize
 .text.inode_find
                0x08009b7a       0x36 /home/intrepid/src1210_PixHawk2/Firmware/build_px4fmu-v3_default/px4io-v2/NuttX/nuttx/nuttx-export/libs/libnuttx.a(fs-fs_inodefind.o)
                0x08009b7a                inode_find
 .text.register_driver
                0x08009bb0       0x32 /home/intrepid/src1210_PixHawk2/Firmware/build_px4fmu-v3_default/px4io-v2/NuttX/nuttx/nuttx-export/libs/libnuttx.a(fs-fs_registerdriver.o)
                0x08009bb0                register_driver
 .text.group_allocate
                0x08009be2       0x18 /home/intrepid/src1210_PixHawk2/Firmware/build_px4fmu-v3_default/px4io-v2/NuttX/nuttx/nuttx-export/libs/libnuttx.a(sched-group_create.o)
                0x08009be2                group_allocate
 .text.group_initialize
                0x08009bfa        0xa /home/intrepid/src1210_PixHawk2/Firmware/build_px4fmu-v3_default/px4io-v2/NuttX/nuttx/nuttx-export/libs/libnuttx.a(sched-group_create.o)
                0x08009bfa                group_initialize
 .text.group_leave
                0x08009c04       0x26 /home/intrepid/src1210_PixHawk2/Firmware/build_px4fmu-v3_default/px4io-v2/NuttX/nuttx/nuttx-export/libs/libnuttx.a(sched-group_leave.o)
                0x08009c04                group_leave
 *fill*         0x08009c2a        0x2 
 .text.group_setupidlefiles
                0x08009c2c       0x38 /home/intrepid/src1210_PixHawk2/Firmware/build_px4fmu-v3_default/px4io-v2/NuttX/nuttx/nuttx-export/libs/libnuttx.a(sched-group_setupidlefiles.o)
                0x08009c2c                group_setupidlefiles
 .text.os_bringup
                0x08009c64       0x34 /home/intrepid/src1210_PixHawk2/Firmware/build_px4fmu-v3_default/px4io-v2/NuttX/nuttx/nuttx-export/libs/libnuttx.a(sched-os_bringup.o)
                0x08009c64                os_bringup
 .text.sched_addblocked
                0x08009c98       0x28 /home/intrepid/src1210_PixHawk2/Firmware/build_px4fmu-v3_default/px4io-v2/NuttX/nuttx/nuttx-export/libs/libnuttx.a(sched-sched_addblocked.o)
                0x08009c98                sched_addblocked
 .text.sched_addprioritized
                0x08009cc0       0x58 /home/intrepid/src1210_PixHawk2/Firmware/build_px4fmu-v3_default/px4io-v2/NuttX/nuttx/nuttx-export/libs/libnuttx.a(sched-sched_addprioritized.o)
                0x08009cc0                sched_addprioritized
 .text.sched_addreadytorun
                0x08009d18       0x4c /home/intrepid/src1210_PixHawk2/Firmware/build_px4fmu-v3_default/px4io-v2/NuttX/nuttx/nuttx-export/libs/libnuttx.a(sched-sched_addreadytorun.o)
                0x08009d18                sched_addreadytorun
 .text.sched_ufree
                0x08009d64       0x40 /home/intrepid/src1210_PixHawk2/Firmware/build_px4fmu-v3_default/px4io-v2/NuttX/nuttx/nuttx-export/libs/libnuttx.a(sched-sched_free.o)
                0x08009d64                sched_ufree
 .text.sched_mergepending
                0x08009da4       0x68 /home/intrepid/src1210_PixHawk2/Firmware/build_px4fmu-v3_default/px4io-v2/NuttX/nuttx/nuttx-export/libs/libnuttx.a(sched-sched_mergepending.o)
                0x08009da4                sched_mergepending
 .text.sched_removeblocked
                0x08009e0c       0x1c /home/intrepid/src1210_PixHawk2/Firmware/build_px4fmu-v3_default/px4io-v2/NuttX/nuttx/nuttx-export/libs/libnuttx.a(sched-sched_removeblocked.o)
                0x08009e0c                sched_removeblocked
 .text.sched_removereadytorun
                0x08009e28       0x28 /home/intrepid/src1210_PixHawk2/Firmware/build_px4fmu-v3_default/px4io-v2/NuttX/nuttx/nuttx-export/libs/libnuttx.a(sched-sched_removereadytorun.o)
                0x08009e28                sched_removereadytorun
 .text.sem_recover
                0x08009e50       0x26 /home/intrepid/src1210_PixHawk2/Firmware/build_px4fmu-v3_default/px4io-v2/NuttX/nuttx/nuttx-export/libs/libnuttx.a(sched-sem_recover.o)
                0x08009e50                sem_recover
 .text.sem_reset
                0x08009e76       0x42 /home/intrepid/src1210_PixHawk2/Firmware/build_px4fmu-v3_default/px4io-v2/NuttX/nuttx/nuttx-export/libs/libnuttx.a(sched-sem_reset.o)
                0x08009e76                sem_reset
 .text.sem_trywait
                0x08009eb8       0x50 /home/intrepid/src1210_PixHawk2/Firmware/build_px4fmu-v3_default/px4io-v2/NuttX/nuttx/nuttx-export/libs/libnuttx.a(sched-sem_trywait.o)
                0x08009eb8                sem_trywait
 .text.thread_create
                0x08009f08       0xac /home/intrepid/src1210_PixHawk2/Firmware/build_px4fmu-v3_default/px4io-v2/NuttX/nuttx/nuttx-export/libs/libnuttx.a(sched-task_create.o)
 .text.task_create
                0x08009fb4       0x16 /home/intrepid/src1210_PixHawk2/Firmware/build_px4fmu-v3_default/px4io-v2/NuttX/nuttx/nuttx-export/libs/libnuttx.a(sched-task_create.o)
                0x08009fb4                task_create
 *fill*         0x08009fca        0x2 
 .text.task_exit
                0x08009fcc       0x4c /home/intrepid/src1210_PixHawk2/Firmware/build_px4fmu-v3_default/px4io-v2/NuttX/nuttx/nuttx-export/libs/libnuttx.a(sched-task_exit.o)
                0x08009fcc                task_exit
 .text.task_schedsetup
                0x0800a018       0xb4 /home/intrepid/src1210_PixHawk2/Firmware/build_px4fmu-v3_default/px4io-v2/NuttX/nuttx/nuttx-export/libs/libnuttx.a(sched-task_setup.o)
                0x0800a018                task_schedsetup
 .text.task_argsetup
                0x0800a0cc       0xd0 /home/intrepid/src1210_PixHawk2/Firmware/build_px4fmu-v3_default/px4io-v2/NuttX/nuttx/nuttx-export/libs/libnuttx.a(sched-task_setup.o)
                0x0800a0cc                task_argsetup
 .text.task_start
                0x0800a19c       0x2c /home/intrepid/src1210_PixHawk2/Firmware/build_px4fmu-v3_default/px4io-v2/NuttX/nuttx/nuttx-export/libs/libnuttx.a(sched-task_start.o)
                0x0800a19c                task_start
 .text.task_terminate
                0x0800a1c8       0x54 /home/intrepid/src1210_PixHawk2/Firmware/build_px4fmu-v3_default/px4io-v2/NuttX/nuttx/nuttx-export/libs/libnuttx.a(sched-task_terminate.o)
                0x0800a1c8                task_terminate
 .text.wd_cancel
                0x0800a21c       0x70 /home/intrepid/src1210_PixHawk2/Firmware/build_px4fmu-v3_default/px4io-v2/NuttX/nuttx/nuttx-export/libs/libnuttx.a(sched-wd_cancel.o)
                0x0800a21c                wd_cancel
 .text.wd_delete
                0x0800a28c       0x54 /home/intrepid/src1210_PixHawk2/Firmware/build_px4fmu-v3_default/px4io-v2/NuttX/nuttx/nuttx-export/libs/libnuttx.a(sched-wd_delete.o)
                0x0800a28c                wd_delete
 .text.wd_initialize
                0x0800a2e0       0x3c /home/intrepid/src1210_PixHawk2/Firmware/build_px4fmu-v3_default/px4io-v2/NuttX/nuttx/nuttx-export/libs/libnuttx.a(sched-wd_initialize.o)
                0x0800a2e0                wd_initialize
 .text.syslog_console_channel
                0x0800a31c       0x28 /home/intrepid/src1210_PixHawk2/Firmware/build_px4fmu-v3_default/px4io-v2/NuttX/nuttx/nuttx-export/libs/libnuttx.a(drivers-syslog_consolechannel.o)
                0x0800a31c                syslog_console_channel
 .text.syslog_dev_initialize
                0x0800a344       0x7c /home/intrepid/src1210_PixHawk2/Firmware/build_px4fmu-v3_default/px4io-v2/NuttX/nuttx/nuttx-export/libs/libnuttx.a(drivers-syslog_device.o)
                0x0800a344                syslog_dev_initialize
 .text.syslog_dev_putc
                0x0800a3c0       0xd8 /home/intrepid/src1210_PixHawk2/Firmware/build_px4fmu-v3_default/px4io-v2/NuttX/nuttx/nuttx-export/libs/libnuttx.a(drivers-syslog_device.o)
                0x0800a3c0                syslog_dev_putc
 .text.syslog_dev_flush
                0x0800a498        0x4 /home/intrepid/src1210_PixHawk2/Firmware/build_px4fmu-v3_default/px4io-v2/NuttX/nuttx/nuttx-export/libs/libnuttx.a(drivers-syslog_device.o)
                0x0800a498                syslog_dev_flush
 .text.emergstream_putc
                0x0800a49c       0x24 /home/intrepid/src1210_PixHawk2/Firmware/build_px4fmu-v3_default/px4io-v2/NuttX/nuttx/nuttx-export/libs/libnuttx.a(drivers-syslog_emergstream.o)
 .text.emergstream
                0x0800a4c0       0x10 /home/intrepid/src1210_PixHawk2/Firmware/build_px4fmu-v3_default/px4io-v2/NuttX/nuttx/nuttx-export/libs/libnuttx.a(drivers-syslog_emergstream.o)
                0x0800a4c0                emergstream
 .text.syslog_force
                0x0800a4d0        0xc /home/intrepid/src1210_PixHawk2/Firmware/build_px4fmu-v3_default/px4io-v2/NuttX/nuttx/nuttx-export/libs/libnuttx.a(drivers-syslog_force.o)
                0x0800a4d0                syslog_force
 .text.syslogstream_putc
                0x0800a4dc       0x24 /home/intrepid/src1210_PixHawk2/Firmware/build_px4fmu-v3_default/px4io-v2/NuttX/nuttx/nuttx-export/libs/libnuttx.a(drivers-syslog_stream.o)
 .text.syslogstream
                0x0800a500       0x10 /home/intrepid/src1210_PixHawk2/Firmware/build_px4fmu-v3_default/px4io-v2/NuttX/nuttx/nuttx-export/libs/libnuttx.a(drivers-syslog_stream.o)
                0x0800a500                syslogstream
 .text.dq_addlast
                0x0800a510       0x18 /home/intrepid/src1210_PixHawk2/Firmware/build_px4fmu-v3_default/px4io-v2/NuttX/nuttx/nuttx-export/libs/libnuttx.a(c-dq_addlast.o)
                0x0800a510                dq_addlast
 .text.dq_rem   0x0800a528       0x1c /home/intrepid/src1210_PixHawk2/Firmware/build_px4fmu-v3_default/px4io-v2/NuttX/nuttx/nuttx-export/libs/libnuttx.a(c-dq_rem.o)
                0x0800a528                dq_rem
 .text.strdup   0x0800a544       0x1c /home/intrepid/src1210_PixHawk2/Firmware/build_px4fmu-v3_default/px4io-v2/NuttX/nuttx/nuttx-export/libs/libnuttx.a(c-lib_strdup.o)
                0x0800a544                strdup
 .text.mm_addfreechunk
                0x0800a560       0x36 /home/intrepid/src1210_PixHawk2/Firmware/build_px4fmu-v3_default/px4io-v2/NuttX/nuttx/nuttx-export/libs/libnuttx.a(mm-mm_addfreechunk.o)
                0x0800a560                mm_addfreechunk
 .text.mm_addregion
                0x0800a596       0x50 /home/intrepid/src1210_PixHawk2/Firmware/build_px4fmu-v3_default/px4io-v2/NuttX/nuttx/nuttx-export/libs/libnuttx.a(mm-mm_initialize.o)
                0x0800a596                mm_addregion
 .text.mm_initialize
                0x0800a5e6       0x40 /home/intrepid/src1210_PixHawk2/Firmware/build_px4fmu-v3_default/px4io-v2/NuttX/nuttx/nuttx-export/libs/libnuttx.a(mm-mm_initialize.o)
                0x0800a5e6                mm_initialize
 *fill*         0x0800a626        0x2 
 .text.zalloc   0x0800a628        0xc /home/intrepid/src1210_PixHawk2/Firmware/build_px4fmu-v3_default/px4io-v2/NuttX/nuttx/nuttx-export/libs/libnuttx.a(mm-umm_zalloc.o)
                0x0800a628                zalloc
 .text.up_timerisr
                0x0800a634        0xa /home/intrepid/src1210_PixHawk2/Firmware/build_px4fmu-v3_default/px4io-v2/NuttX/nuttx/nuttx-export/libs/libnuttx.a(arch-stm32_timerisr.o)
                0x0800a634                up_timerisr
 *fill*         0x0800a63e        0x2 
 .text.up_timer_initialize
                0x0800a640       0x40 /home/intrepid/src1210_PixHawk2/Firmware/build_px4fmu-v3_default/px4io-v2/NuttX/nuttx/nuttx-export/libs/libnuttx.a(arch-stm32_timerisr.o)
                0x0800a640                up_timer_initialize
 .text.up_stack_color
                0x0800a680       0x28 /home/intrepid/src1210_PixHawk2/Firmware/build_px4fmu-v3_default/px4io-v2/NuttX/nuttx/nuttx-export/libs/libnuttx.a(arch-up_createstack.o)
                0x0800a680                up_stack_color
 .text.up_create_stack
                0x0800a6a8       0x46 /home/intrepid/src1210_PixHawk2/Firmware/build_px4fmu-v3_default/px4io-v2/NuttX/nuttx/nuttx-export/libs/libnuttx.a(arch-up_createstack.o)
                0x0800a6a8                up_create_stack
 *fill*         0x0800a6ee        0x2 
 .text.up_doirq
                0x0800a6f0       0x24 /home/intrepid/src1210_PixHawk2/Firmware/build_px4fmu-v3_default/px4io-v2/NuttX/nuttx/nuttx-export/libs/libnuttx.a(arch-up_doirq.o)
                0x0800a6f0                up_doirq
 .text.up_release_stack
                0x0800a714       0x16 /home/intrepid/src1210_PixHawk2/Firmware/build_px4fmu-v3_default/px4io-v2/NuttX/nuttx/nuttx-export/libs/libnuttx.a(arch-up_releasestack.o)
                0x0800a714                up_release_stack
 .text.up_stack_frame
                0x0800a72a       0x26 /home/intrepid/src1210_PixHawk2/Firmware/build_px4fmu-v3_default/px4io-v2/NuttX/nuttx/nuttx-export/libs/libnuttx.a(arch-up_stackframe.o)
                0x0800a72a                up_stack_frame
 .text.dup2     0x0800a750       0x3e /home/intrepid/src1210_PixHawk2/Firmware/build_px4fmu-v3_default/px4io-v2/NuttX/nuttx/nuttx-export/libs/libnuttx.a(fs-fs_dupfd2.o)
                0x0800a750                dup2
 .text.file_detach
                0x0800a78e       0x54 /home/intrepid/src1210_PixHawk2/Firmware/build_px4fmu-v3_default/px4io-v2/NuttX/nuttx/nuttx-export/libs/libnuttx.a(fs-fs_filedetach.o)
                0x0800a78e                file_detach
 .text.inode_alloc
                0x0800a7e2       0x3c /home/intrepid/src1210_PixHawk2/Firmware/build_px4fmu-v3_default/px4io-v2/NuttX/nuttx/nuttx-export/libs/libnuttx.a(fs-fs_inodereserve.o)
 *fill*         0x0800a81e        0x2 
 .text.inode_reserve
                0x0800a820       0xa4 /home/intrepid/src1210_PixHawk2/Firmware/build_px4fmu-v3_default/px4io-v2/NuttX/nuttx/nuttx-export/libs/libnuttx.a(fs-fs_inodereserve.o)
                0x0800a820                inode_reserve
 .text.group_setuptaskfiles
                0x0800a8c4        0xe /home/intrepid/src1210_PixHawk2/Firmware/build_px4fmu-v3_default/px4io-v2/NuttX/nuttx/nuttx-export/libs/libnuttx.a(sched-group_setuptaskfiles.o)
                0x0800a8c4                group_setuptaskfiles
 *fill*         0x0800a8d2        0x2 
 .text.irq_dispatch
                0x0800a8d4       0x20 /home/intrepid/src1210_PixHawk2/Firmware/build_px4fmu-v3_default/px4io-v2/NuttX/nuttx/nuttx-export/libs/libnuttx.a(sched-irq_dispatch.o)
                0x0800a8d4                irq_dispatch
 .text.sched_gettcb
                0x0800a8f4       0x24 /home/intrepid/src1210_PixHawk2/Firmware/build_px4fmu-v3_default/px4io-v2/NuttX/nuttx/nuttx-export/libs/libnuttx.a(sched-sched_gettcb.o)
                0x0800a8f4                sched_gettcb
 .text.sched_lock
                0x0800a918       0x1c /home/intrepid/src1210_PixHawk2/Firmware/build_px4fmu-v3_default/px4io-v2/NuttX/nuttx/nuttx-export/libs/libnuttx.a(sched-sched_lock.o)
                0x0800a918                sched_lock
 .text.sched_process_timer
                0x0800a934       0x18 /home/intrepid/src1210_PixHawk2/Firmware/build_px4fmu-v3_default/px4io-v2/NuttX/nuttx/nuttx-export/libs/libnuttx.a(sched-sched_processtimer.o)
                0x0800a934                sched_process_timer
 .text.sched_releasetcb
                0x0800a94c       0x40 /home/intrepid/src1210_PixHawk2/Firmware/build_px4fmu-v3_default/px4io-v2/NuttX/nuttx/nuttx-export/libs/libnuttx.a(sched-sched_releasetcb.o)
                0x0800a94c                sched_releasetcb
 .text.sched_unlock
                0x0800a98c       0x50 /home/intrepid/src1210_PixHawk2/Firmware/build_px4fmu-v3_default/px4io-v2/NuttX/nuttx/nuttx-export/libs/libnuttx.a(sched-sched_unlock.o)
                0x0800a98c                sched_unlock
 .text.task_activate
                0x0800a9dc       0x1a /home/intrepid/src1210_PixHawk2/Firmware/build_px4fmu-v3_default/px4io-v2/NuttX/nuttx/nuttx-export/libs/libnuttx.a(sched-task_activate.o)
                0x0800a9dc                task_activate
 *fill*         0x0800a9f6        0x2 
 .text.wd_timer
                0x0800a9f8       0x68 /home/intrepid/src1210_PixHawk2/Firmware/build_px4fmu-v3_default/px4io-v2/NuttX/nuttx/nuttx-export/libs/libnuttx.a(sched-wd_start.o)
                0x0800a9f8                wd_timer
 .text.syslog_default_flush
                0x0800aa60        0x4 /home/intrepid/src1210_PixHawk2/Firmware/build_px4fmu-v3_default/px4io-v2/NuttX/nuttx/nuttx-export/libs/libnuttx.a(drivers-syslog_channel.o)
 .text.syslog_channel
                0x0800aa64       0x14 /home/intrepid/src1210_PixHawk2/Firmware/build_px4fmu-v3_default/px4io-v2/NuttX/nuttx/nuttx-export/libs/libnuttx.a(drivers-syslog_channel.o)
                0x0800aa64                syslog_channel
 .text.syslog_putc